C:/Users/kimur_6ppyla1/f3rc2026_practice/Core/Src/main.c:110:19:CAN_SEND	24	static
C:/Users/kimur_6ppyla1/f3rc2026_practice/Core/Src/main.c:121:6:motor_CAN_filter_init	16	static
C:/Users/kimur_6ppyla1/f3rc2026_practice/Core/Src/main.c:131:6:motor_CAN_txheader_init	16	static
C:/Users/kimur_6ppyla1/f3rc2026_practice/Core/Src/main.c:144:19:motor_CAN_RxTxSettings_init	48	static
C:/Users/kimur_6ppyla1/f3rc2026_practice/Core/Src/main.c:174:6:HAL_FDCAN_RxFifo0Callback	72	static
C:/Users/kimur_6ppyla1/f3rc2026_practice/Core/Src/main.c:195:6:HAL_TIM_PeriodElapsedCallback	40	static
C:/Users/kimur_6ppyla1/f3rc2026_practice/Core/Src/main.c:230:5:main	16	static
C:/Users/kimur_6ppyla1/f3rc2026_practice/Core/Src/main.c:314:6:SystemClock_Config	88	static
C:/Users/kimur_6ppyla1/f3rc2026_practice/Core/Src/main.c:361:13:MX_FDCAN3_Init	8	static
C:/Users/kimur_6ppyla1/f3rc2026_practice/Core/Src/main.c:404:13:MX_TIM6_Init	24	static
C:/Users/kimur_6ppyla1/f3rc2026_practice/Core/Src/main.c:442:13:MX_USART2_UART_Init	8	static
C:/Users/kimur_6ppyla1/f3rc2026_practice/Core/Src/main.c:490:13:MX_GPIO_Init	40	static
C:/Users/kimur_6ppyla1/f3rc2026_practice/Core/Src/main.c:520:6:OmniKinematics	16	static
C:/Users/kimur_6ppyla1/f3rc2026_practice/Core/Src/main.c:544:6:HAL_UART_RxCpltCallback	16	static
C:/Users/kimur_6ppyla1/f3rc2026_practice/Core/Src/main.c:562:6:SendMotorCurrent	24	static
C:/Users/kimur_6ppyla1/f3rc2026_practice/Core/Src/main.c:641:6:Error_Handler	4	static,ignoring_inline_asm
