Archive member included to satisfy reference by file (symbol)

C:/Users/kimur_6ppyla1/AppData/Local/stm32cube/bundles/gnu-tools-for-stm32/14.3.1+st.2/bin/../lib/gcc/arm-none-eabi/14.3.1/thumb/v7e-m+fp/hard\libgcc.a(_aeabi_uldivmod.o)
                              cmake/stm32cubemx/CMakeFiles/STM32_Drivers.dir/__/__/Drivers/STM32G4xx_HAL_Driver/Src/stm32g4xx_hal_uart.c.obj (__aeabi_uldivmod)
C:/Users/kimur_6ppyla1/AppData/Local/stm32cube/bundles/gnu-tools-for-stm32/14.3.1+st.2/bin/../lib/gcc/arm-none-eabi/14.3.1/thumb/v7e-m+fp/hard\libgcc.a(_udivmoddi4.o)
                              C:/Users/kimur_6ppyla1/AppData/Local/stm32cube/bundles/gnu-tools-for-stm32/14.3.1+st.2/bin/../lib/gcc/arm-none-eabi/14.3.1/thumb/v7e-m+fp/hard\libgcc.a(_aeabi_uldivmod.o) (__udivmoddi4)
C:/Users/kimur_6ppyla1/AppData/Local/stm32cube/bundles/gnu-tools-for-stm32/14.3.1+st.2/bin/../lib/gcc/arm-none-eabi/14.3.1/thumb/v7e-m+fp/hard\libgcc.a(_dvmd_tls.o)
                              C:/Users/kimur_6ppyla1/AppData/Local/stm32cube/bundles/gnu-tools-for-stm32/14.3.1+st.2/bin/../lib/gcc/arm-none-eabi/14.3.1/thumb/v7e-m+fp/hard\libgcc.a(_aeabi_uldivmod.o) (__aeabi_ldiv0)
C:/Users/kimur_6ppyla1/AppData/Local/stm32cube/bundles/gnu-tools-for-stm32/14.3.1+st.2/bin/../lib/gcc/arm-none-eabi/14.3.1/../../../../arm-none-eabi/lib/thumb/v7e-m+fp/hard\libg_nano.a(libc_a-exit.o)
                              C:/Users/kimur_6ppyla1/AppData/Local/stm32cube/bundles/gnu-tools-for-stm32/14.3.1+st.2/bin/../lib/gcc/arm-none-eabi/14.3.1/../../../../arm-none-eabi/lib/thumb/v7e-m+fp/hard/crt0.o (exit)
C:/Users/kimur_6ppyla1/AppData/Local/stm32cube/bundles/gnu-tools-for-stm32/14.3.1+st.2/bin/../lib/gcc/arm-none-eabi/14.3.1/../../../../arm-none-eabi/lib/thumb/v7e-m+fp/hard\libg_nano.a(libc_a-findfp.o)
                              C:/Users/kimur_6ppyla1/AppData/Local/stm32cube/bundles/gnu-tools-for-stm32/14.3.1+st.2/bin/../lib/gcc/arm-none-eabi/14.3.1/../../../../arm-none-eabi/lib/thumb/v7e-m+fp/hard\libg_nano.a(libc_a-exit.o) (__stdio_exit_handler)
C:/Users/kimur_6ppyla1/AppData/Local/stm32cube/bundles/gnu-tools-for-stm32/14.3.1+st.2/bin/../lib/gcc/arm-none-eabi/14.3.1/../../../../arm-none-eabi/lib/thumb/v7e-m+fp/hard\libg_nano.a(libc_a-fwalk.o)
                              C:/Users/kimur_6ppyla1/AppData/Local/stm32cube/bundles/gnu-tools-for-stm32/14.3.1+st.2/bin/../lib/gcc/arm-none-eabi/14.3.1/../../../../arm-none-eabi/lib/thumb/v7e-m+fp/hard\libg_nano.a(libc_a-findfp.o) (_fwalk_sglue)
C:/Users/kimur_6ppyla1/AppData/Local/stm32cube/bundles/gnu-tools-for-stm32/14.3.1+st.2/bin/../lib/gcc/arm-none-eabi/14.3.1/../../../../arm-none-eabi/lib/thumb/v7e-m+fp/hard\libg_nano.a(libc_a-puts.o)
                              CMakeFiles/f3rc2026_practice.dir/Core/Src/main.c.obj (puts)
C:/Users/kimur_6ppyla1/AppData/Local/stm32cube/bundles/gnu-tools-for-stm32/14.3.1+st.2/bin/../lib/gcc/arm-none-eabi/14.3.1/../../../../arm-none-eabi/lib/thumb/v7e-m+fp/hard\libg_nano.a(libc_a-stdio.o)
                              C:/Users/kimur_6ppyla1/AppData/Local/stm32cube/bundles/gnu-tools-for-stm32/14.3.1+st.2/bin/../lib/gcc/arm-none-eabi/14.3.1/../../../../arm-none-eabi/lib/thumb/v7e-m+fp/hard\libg_nano.a(libc_a-findfp.o) (__sread)
C:/Users/kimur_6ppyla1/AppData/Local/stm32cube/bundles/gnu-tools-for-stm32/14.3.1+st.2/bin/../lib/gcc/arm-none-eabi/14.3.1/../../../../arm-none-eabi/lib/thumb/v7e-m+fp/hard\libg_nano.a(libc_a-wbuf.o)
                              C:/Users/kimur_6ppyla1/AppData/Local/stm32cube/bundles/gnu-tools-for-stm32/14.3.1+st.2/bin/../lib/gcc/arm-none-eabi/14.3.1/../../../../arm-none-eabi/lib/thumb/v7e-m+fp/hard\libg_nano.a(libc_a-puts.o) (__swbuf_r)
C:/Users/kimur_6ppyla1/AppData/Local/stm32cube/bundles/gnu-tools-for-stm32/14.3.1+st.2/bin/../lib/gcc/arm-none-eabi/14.3.1/../../../../arm-none-eabi/lib/thumb/v7e-m+fp/hard\libg_nano.a(libc_a-wsetup.o)
                              C:/Users/kimur_6ppyla1/AppData/Local/stm32cube/bundles/gnu-tools-for-stm32/14.3.1+st.2/bin/../lib/gcc/arm-none-eabi/14.3.1/../../../../arm-none-eabi/lib/thumb/v7e-m+fp/hard\libg_nano.a(libc_a-puts.o) (__swsetup_r)
C:/Users/kimur_6ppyla1/AppData/Local/stm32cube/bundles/gnu-tools-for-stm32/14.3.1+st.2/bin/../lib/gcc/arm-none-eabi/14.3.1/../../../../arm-none-eabi/lib/thumb/v7e-m+fp/hard\libg_nano.a(libc_a-memset.o)
                              C:/Users/kimur_6ppyla1/AppData/Local/stm32cube/bundles/gnu-tools-for-stm32/14.3.1+st.2/bin/../lib/gcc/arm-none-eabi/14.3.1/../../../../arm-none-eabi/lib/thumb/v7e-m+fp/hard/crt0.o (memset)
C:/Users/kimur_6ppyla1/AppData/Local/stm32cube/bundles/gnu-tools-for-stm32/14.3.1+st.2/bin/../lib/gcc/arm-none-eabi/14.3.1/../../../../arm-none-eabi/lib/thumb/v7e-m+fp/hard\libg_nano.a(libc_a-closer.o)
                              C:/Users/kimur_6ppyla1/AppData/Local/stm32cube/bundles/gnu-tools-for-stm32/14.3.1+st.2/bin/../lib/gcc/arm-none-eabi/14.3.1/../../../../arm-none-eabi/lib/thumb/v7e-m+fp/hard\libg_nano.a(libc_a-stdio.o) (_close_r)
[...]
Memory Configuration

Name             Origin             Length             Attributes
RAM              0x20000000         0x00020000         xrw
FLASH            0x08000000         0x00020000         xr
*default*        0x00000000         0xffffffff

Linker script and memory map

LOAD C:/Users/kimur_6ppyla1/AppData/Local/stm32cube/bundles/gnu-tools-for-stm32/14.3.1+st.2/bin/../lib/gcc/arm-none-eabi/14.3.1/thumb/v7e-m+fp/hard/crti.o
LOAD C:/Users/kimur_6ppyla1/AppData/Local/stm32cube/bundles/gnu-tools-for-stm32/14.3.1+st.2/bin/../lib/gcc/arm-none-eabi/14.3.1/thumb/v7e-m+fp/hard/crtbegin.o
LOAD C:/Users/kimur_6ppyla1/AppData/Local/stm32cube/bundles/gnu-tools-for-stm32/14.3.1+st.2/bin/../lib/gcc/arm-none-eabi/14.3.1/../../../../arm-none-eabi/lib/thumb/v7e-m+fp/hard/crt0.o
LOAD cmake/stm32cubemx/CMakeFiles/STM32_Drivers.dir/__/__/Core/Src/system_stm32g4xx.c.obj
LOAD cmake/stm32cubemx/CMakeFiles/STM32_Drivers.dir/__/__/Drivers/STM32G4xx_HAL_Driver/Src/stm32g4xx_hal_fdcan.c.obj
LOAD cmake/stm32cubemx/CMakeFiles/STM32_Drivers.dir/__/__/Drivers/STM32G4xx_HAL_Driver/Src/stm32g4xx_hal.c.obj
LOAD cmake/stm32cubemx/CMakeFiles/STM32_Drivers.dir/__/__/Drivers/STM32G4xx_HAL_Driver/Src/stm32g4xx_hal_rcc.c.obj
LOAD cmake/stm32cubemx/CMakeFiles/STM32_Drivers.dir/__/__/Drivers/STM32G4xx_HAL_Driver/Src/stm32g4xx_hal_rcc_ex.c.obj
LOAD cmake/stm32cubemx/CMakeFiles/STM32_Drivers.dir/__/__/Drivers/STM32G4xx_HAL_Driver/Src/stm32g4xx_hal_flash.c.obj
LOAD cmake/stm32cubemx/CMakeFiles/STM32_Drivers.dir/__/__/Drivers/STM32G4xx_HAL_Driver/Src/stm32g4xx_hal_flash_ex.c.obj
LOAD cmake/stm32cubemx/CMakeFiles/STM32_Drivers.dir/__/__/Drivers/STM32G4xx_HAL_Driver/Src/stm32g4xx_hal_flash_ramfunc.c.obj
LOAD cmake/stm32cubemx/CMakeFiles/STM32_Drivers.dir/__/__/Drivers/STM32G4xx_HAL_Driver/Src/stm32g4xx_hal_gpio.c.obj
LOAD cmake/stm32cubemx/CMakeFiles/STM32_Drivers.dir/__/__/Drivers/STM32G4xx_HAL_Driver/Src/stm32g4xx_hal_exti.c.obj
LOAD cmake/stm32cubemx/CMakeFiles/STM32_Drivers.dir/__/__/Drivers/STM32G4xx_HAL_Driver/Src/stm32g4xx_hal_dma.c.obj
LOAD cmake/stm32cubemx/CMakeFiles/STM32_Drivers.dir/__/__/Drivers/STM32G4xx_HAL_Driver/Src/stm32g4xx_hal_dma_ex.c.obj
LOAD cmake/stm32cubemx/CMakeFiles/STM32_Drivers.dir/__/__/Drivers/STM32G4xx_HAL_Driver/Src/stm32g4xx_hal_pwr.c.obj
LOAD cmake/stm32cubemx/CMakeFiles/STM32_Drivers.dir/__/__/Drivers/STM32G4xx_HAL_Driver/Src/stm32g4xx_hal_pwr_ex.c.obj
LOAD cmake/stm32cubemx/CMakeFiles/STM32_Drivers.dir/__/__/Drivers/STM32G4xx_HAL_Driver/Src/stm32g4xx_hal_cortex.c.obj
LOAD cmake/stm32cubemx/CMakeFiles/STM32_Drivers.dir/__/__/Drivers/STM32G4xx_HAL_Driver/Src/stm32g4xx_hal_tim.c.obj
LOAD cmake/stm32cubemx/CMakeFiles/STM32_Drivers.dir/__/__/Drivers/STM32G4xx_HAL_Driver/Src/stm32g4xx_hal_tim_ex.c.obj
LOAD cmake/stm32cubemx/CMakeFiles/STM32_Drivers.dir/__/__/Drivers/STM32G4xx_HAL_Driver/Src/stm32g4xx_hal_uart.c.obj
LOAD cmake/stm32cubemx/CMakeFiles/STM32_Drivers.dir/__/__/Drivers/STM32G4xx_HAL_Driver/Src/stm32g4xx_hal_uart_ex.c.obj
LOAD CMakeFiles/f3rc2026_practice.dir/Core/Src/main.c.obj
LOAD CMakeFiles/f3rc2026_practice.dir/Core/Src/stm32g4xx_it.c.obj
LOAD CMakeFiles/f3rc2026_practice.dir/Core/Src/stm32g4xx_hal_msp.c.obj
LOAD CMakeFiles/f3rc2026_practice.dir/Core/Src/sysmem.c.obj
LOAD CMakeFiles/f3rc2026_practice.dir/Core/Src/syscalls.c.obj
LOAD CMakeFiles/f3rc2026_practice.dir/startup_stm32g474xx.s.obj
LOAD C:/Users/kimur_6ppyla1/AppData/Local/stm32cube/bundles/gnu-tools-for-stm32/14.3.1+st.2/bin/../lib/gcc/arm-none-eabi/14.3.1/../../../../arm-none-eabi/lib/thumb/v7e-m+fp/hard\libm.a
START GROUP
LOAD C:/Users/kimur_6ppyla1/AppData/Local/stm32cube/bundles/gnu-tools-for-stm32/14.3.1+st.2/bin/../lib/gcc/arm-none-eabi/14.3.1/thumb/v7e-m+fp/hard\libgcc.a
LOAD C:/Users/kimur_6ppyla1/AppData/Local/stm32cube/bundles/gnu-tools-for-stm32/14.3.1+st.2/bin/../lib/gcc/arm-none-eabi/14.3.1/../../../../arm-none-eabi/lib/thumb/v7e-m+fp/hard\libg_nano.a
LOAD C:/Users/kimur_6ppyla1/AppData/Local/stm32cube/bundles/gnu-tools-for-stm32/14.3.1+st.2/bin/../lib/gcc/arm-none-eabi/14.3.1/../../../../arm-none-eabi/lib/thumb/v7e-m+fp/hard\libc_nano.a
END GROUP
START GROUP
LOAD C:/Users/kimur_6ppyla1/AppData/Local/stm32cube/bundles/gnu-tools-for-stm32/14.3.1+st.2/bin/../lib/gcc/arm-none-eabi/14.3.1/thumb/v7e-m+fp/hard\libgcc.a
LOAD C:/Users/kimur_6ppyla1/AppData/Local/stm32cube/bundles/gnu-tools-for-stm32/14.3.1+st.2/bin/../lib/gcc/arm-none-eabi/14.3.1/../../../../arm-none-eabi/lib/thumb/v7e-m+fp/hard\libc_nano.a
END GROUP
LOAD C:/Users/kimur_6ppyla1/AppData/Local/stm32cube/bundles/gnu-tools-for-stm32/14.3.1+st.2/bin/../lib/gcc/arm-none-eabi/14.3.1/thumb/v7e-m+fp/hard/crtend.o
LOAD C:/Users/kimur_6ppyla1/AppData/Local/stm32cube/bundles/gnu-tools-for-stm32/14.3.1+st.2/bin/../lib/gcc/arm-none-eabi/14.3.1/thumb/v7e-m+fp/hard/crtn.o
                0x20020000                        _estack = (ORIGIN (RAM) + LENGTH (RAM))
                0x2001fc00                        _sstack = (_estack - _Min_Stack_Size)
                0x00000200                        _Min_Heap_Size = 0x200
                0x00000400                        _Min_Stack_Size = 0x400

.isr_vector     0x08000000      0x1d8
                0x08000000                        . = ALIGN (0x4)
 *(.isr_vector)
 .isr_vector    0x08000000      0x1d8 CMakeFiles/f3rc2026_practice.dir/startup_stm32g474xx.s.obj
                0x08000000                g_pfnVectors
                0x080001d8                        . = ALIGN (0x4)

.text           0x080001d8     0x64a8
                0x080001d8                        . = ALIGN (0x4)
 *(.text)
 .text          0x080001d8       0x40 C:/Users/kimur_6ppyla1/AppData/Local/stm32cube/bundles/gnu-tools-for-stm32/14.3.1+st.2/bin/../lib/gcc/arm-none-eabi/14.3.1/thumb/v7e-m+fp/hard/crtbegin.o
 .text          0x08000218       0x30 C:/Users/kimur_6ppyla1/AppData/Local/stm32cube/bundles/gnu-tools-for-stm32/14.3.1+st.2/bin/../lib/gcc/arm-none-eabi/14.3.1/thumb/v7e-m+fp/hard\libgcc.a(_aeabi_uldivmod.o)
                0x08000218                __aeabi_uldivmod
 .text          0x08000248      0x2f8 C:/Users/kimur_6ppyla1/AppData/Local/stm32cube/bundles/gnu-tools-for-stm32/14.3.1+st.2/bin/../lib/gcc/arm-none-eabi/14.3.1/thumb/v7e-m+fp/hard\libgcc.a(_udivmoddi4.o)
                0x08000248                __udivmoddi4
 .text          0x08000540        0x4 C:/Users/kimur_6ppyla1/AppData/Local/stm32cube/bundles/gnu-tools-for-stm32/14.3.1+st.2/bin/../lib/gcc/arm-none-eabi/14.3.1/thumb/v7e-m+fp/hard\libgcc.a(_dvmd_tls.o)
                0x08000540                __aeabi_idiv0
                0x08000540                __aeabi_ldiv0
 *(.text*)
 .text.SystemInit
                0x08000544       0x24 cmake/stm32cubemx/CMakeFiles/STM32_Drivers.dir/__/__/Core/Src/system_stm32g4xx.c.obj
                0x08000544                SystemInit
 .text.HAL_FDCAN_Init
                0x08000568      0x2b4 cmake/stm32cubemx/CMakeFiles/STM32_Drivers.dir/__/__/Drivers/STM32G4xx_HAL_Driver/Src/stm32g4xx_hal_fdcan.c.obj
                0x08000568                HAL_FDCAN_Init
 .text.HAL_FDCAN_ConfigFilter
                0x0800081c       0xb4 cmake/stm32cubemx/CMakeFiles/STM32_Drivers.dir/__/__/Drivers/STM32G4xx_HAL_Driver/Src/stm32g4xx_hal_fdcan.c.obj
                0x0800081c                HAL_FDCAN_ConfigFilter
 .text.HAL_FDCAN_ConfigGlobalFilter
                0x080008d0       0x62 cmake/stm32cubemx/CMakeFiles/STM32_Drivers.dir/__/__/Drivers/STM32G4xx_HAL_Driver/Src/stm32g4xx_hal_fdcan.c.obj
                0x080008d0                HAL_FDCAN_ConfigGlobalFilter
 .text.HAL_FDCAN_Start
                0x08000932       0x50 cmake/stm32cubemx/CMakeFiles/STM32_Drivers.dir/__/__/Drivers/STM32G4xx_HAL_Driver/Src/stm32g4xx_hal_fdcan.c.obj
                0x08000932                HAL_FDCAN_Start
 .text.HAL_FDCAN_AddMessageToTxFifoQ
                0x08000982       0x88 cmake/stm32cubemx/CMakeFiles/STM32_Drivers.dir/__/__/Drivers/STM32G4xx_HAL_Driver/Src/stm32g4xx_hal_fdcan.c.obj
                0x08000982                HAL_FDCAN_AddMessageToTxFifoQ
 *fill*         0x08000a0a        0x2 
 .text.HAL_FDCAN_GetRxMessage
                0x08000a0c      0x210 cmake/stm32cubemx/CMakeFiles/STM32_Drivers.dir/__/__/Drivers/STM32G4xx_HAL_Driver/Src/stm32g4xx_hal_fdcan.c.obj
                0x08000a0c                HAL_FDCAN_GetRxMessage
 .text.HAL_FDCAN_ActivateNotification
                0x08000c1c      0x1cc cmake/stm32cubemx/CMakeFiles/STM32_Drivers.dir/__/__/Drivers/STM32G4xx_HAL_Driver/Src/stm32g4xx_hal_fdcan.c.obj
                0x08000c1c                HAL_FDCAN_ActivateNotification
 .text.HAL_FDCAN_IRQHandler
                0x08000de8      0x266 cmake/stm32cubemx/CMakeFiles/STM32_Drivers.dir/__/__/Drivers/STM32G4xx_HAL_Driver/Src/stm32g4xx_hal_fdcan.c.obj
                0x08000de8                HAL_FDCAN_IRQHandler
 .text.HAL_FDCAN_TxEventFifoCallback
                0x0800104e       0x16 cmake/stm32cubemx/CMakeFiles/STM32_Drivers.dir/__/__/Drivers/STM32G4xx_HAL_Driver/Src/stm32g4xx_hal_fdcan.c.obj
                0x0800104e                HAL_FDCAN_TxEventFifoCallback
 .text.HAL_FDCAN_RxFifo1Callback
                0x08001064       0x16 cmake/stm32cubemx/CMakeFiles/STM32_Drivers.dir/__/__/Drivers/STM32G4xx_HAL_Driver/Src/stm32g4xx_hal_fdcan.c.obj
                0x08001064                HAL_FDCAN_RxFifo1Callback
 .text.HAL_FDCAN_TxFifoEmptyCallback
                0x0800107a       0x14 cmake/stm32cubemx/CMakeFiles/STM32_Drivers.dir/__/__/Drivers/STM32G4xx_HAL_Driver/Src/stm32g4xx_hal_fdcan.c.obj
                0x0800107a                HAL_FDCAN_TxFifoEmptyCallback
 .text.HAL_FDCAN_TxBufferCompleteCallback
                0x0800108e       0x16 cmake/stm32cubemx/CMakeFiles/STM32_Drivers.dir/__/__/Drivers/STM32G4xx_HAL_Driver/Src/stm32g4xx_hal_fdcan.c.obj
                0x0800108e                HAL_FDCAN_TxBufferCompleteCallback
 .text.HAL_FDCAN_TxBufferAbortCallback
                0x080010a4       0x16 cmake/stm32cubemx/CMakeFiles/STM32_Drivers.dir/__/__/Drivers/STM32G4xx_HAL_Driver/Src/stm32g4xx_hal_fdcan.c.obj
                0x080010a4                HAL_FDCAN_TxBufferAbortCallback
 .text.HAL_FDCAN_TimestampWraparoundCallback
                0x080010ba       0x14 cmake/stm32cubemx/CMakeFiles/STM32_Drivers.dir/__/__/Drivers/STM32G4xx_HAL_Driver/Src/stm32g4xx_hal_fdcan.c.obj
                0x080010ba                HAL_FDCAN_TimestampWraparoundCallback
 .text.HAL_FDCAN_TimeoutOccurredCallback
                0x080010ce       0x14 cmake/stm32cubemx/CMakeFiles/STM32_Drivers.dir/__/__/Drivers/STM32G4xx_HAL_Driver/Src/stm32g4xx_hal_fdcan.c.obj
                0x080010ce                HAL_FDCAN_TimeoutOccurredCallback
 .text.HAL_FDCAN_HighPriorityMessageCallback
                0x080010e2       0x14 cmake/stm32cubemx/CMakeFiles/STM32_Drivers.dir/__/__/Drivers/STM32G4xx_HAL_Driver/Src/stm32g4xx_hal_fdcan.c.obj
                0x080010e2                HAL_FDCAN_HighPriorityMessageCallback
 .text.HAL_FDCAN_ErrorCallback
                0x080010f6       0x14 cmake/stm32cubemx/CMakeFiles/STM32_Drivers.dir/__/__/Drivers/STM32G4xx_HAL_Driver/Src/stm32g4xx_hal_fdcan.c.obj
                0x080010f6                HAL_FDCAN_ErrorCallback
 .text.HAL_FDCAN_ErrorStatusCallback
                0x0800110a       0x16 cmake/stm32cubemx/CMakeFiles/STM32_Drivers.dir/__/__/Drivers/STM32G4xx_HAL_Driver/Src/stm32g4xx_hal_fdcan.c.obj
                0x0800110a                HAL_FDCAN_ErrorStatusCallback
 .text.FDCAN_CalcultateRamBlockAddresses
                0x08001120       0xd8 cmake/stm32cubemx/CMakeFiles/STM32_Drivers.dir/__/__/Drivers/STM32G4xx_HAL_Driver/Src/stm32g4xx_hal_fdcan.c.obj
 .text.FDCAN_CopyMessageToRAM
                0x080011f8       0xf8 cmake/stm32cubemx/CMakeFiles/STM32_Drivers.dir/__/__/Drivers/STM32G4xx_HAL_Driver/Src/stm32g4xx_hal_fdcan.c.obj
 .text.HAL_Init
                0x080012f0       0x30 cmake/stm32cubemx/CMakeFiles/STM32_Drivers.dir/__/__/Drivers/STM32G4xx_HAL_Driver/Src/stm32g4xx_hal.c.obj
                0x080012f0                HAL_Init
 .text.HAL_InitTick
                0x08001320       0x74 cmake/stm32cubemx/CMakeFiles/STM32_Drivers.dir/__/__/Drivers/STM32G4xx_HAL_Driver/Src/stm32g4xx_hal.c.obj
                0x08001320                HAL_InitTick
 .text.HAL_IncTick
                0x08001394       0x24 cmake/stm32cubemx/CMakeFiles/STM32_Drivers.dir/__/__/Drivers/STM32G4xx_HAL_Driver/Src/stm32g4xx_hal.c.obj
                0x08001394                HAL_IncTick
 .text.HAL_GetTick
                0x080013b8       0x18 cmake/stm32cubemx/CMakeFiles/STM32_Drivers.dir/__/__/Drivers/STM32G4xx_HAL_Driver/Src/stm32g4xx_hal.c.obj
                0x080013b8                HAL_GetTick
 .text.HAL_Delay
                0x080013d0       0x44 cmake/stm32cubemx/CMakeFiles/STM32_Drivers.dir/__/__/Drivers/STM32G4xx_HAL_Driver/Src/stm32g4xx_hal.c.obj
                0x080013d0                HAL_Delay
 .text.HAL_RCC_OscConfig
                0x08001414      0x624 cmake/stm32cubemx/CMakeFiles/STM32_Drivers.dir/__/__/Drivers/STM32G4xx_HAL_Driver/Src/stm32g4xx_hal_rcc.c.obj
                0x08001414                HAL_RCC_OscConfig
 .text.HAL_RCC_ClockConfig
                0x08001a38      0x278 cmake/stm32cubemx/CMakeFiles/STM32_Drivers.dir/__/__/Drivers/STM32G4xx_HAL_Driver/Src/stm32g4xx_hal_rcc.c.obj
                0x08001a38                HAL_RCC_ClockConfig
 .text.HAL_RCC_GetSysClockFreq
                0x08001cb0       0xc4 cmake/stm32cubemx/CMakeFiles/STM32_Drivers.dir/__/__/Drivers/STM32G4xx_HAL_Driver/Src/stm32g4xx_hal_rcc.c.obj
                0x08001cb0                HAL_RCC_GetSysClockFreq
 .text.HAL_RCC_GetHCLKFreq
                0x08001d74       0x18 cmake/stm32cubemx/CMakeFiles/STM32_Drivers.dir/__/__/Drivers/STM32G4xx_HAL_Driver/Src/stm32g4xx_hal_rcc.c.obj
                0x08001d74                HAL_RCC_GetHCLKFreq
 .text.HAL_RCC_GetPCLK1Freq
                0x08001d8c       0x2c cmake/stm32cubemx/CMakeFiles/STM32_Drivers.dir/__/__/Drivers/STM32G4xx_HAL_Driver/Src/stm32g4xx_hal_rcc.c.obj
                0x08001d8c                HAL_RCC_GetPCLK1Freq
 .text.HAL_RCC_GetPCLK2Freq
                0x08001db8       0x2c cmake/stm32cubemx/CMakeFiles/STM32_Drivers.dir/__/__/Drivers/STM32G4xx_HAL_Driver/Src/stm32g4xx_hal_rcc.c.obj
                0x08001db8                HAL_RCC_GetPCLK2Freq
 .text.RCC_GetSysClockFreqFromPLLSource
                0x08001de4       0x8c cmake/stm32cubemx/CMakeFiles/STM32_Drivers.dir/__/__/Drivers/STM32G4xx_HAL_Driver/Src/stm32g4xx_hal_rcc.c.obj
 .text.HAL_RCCEx_PeriphCLKConfig
                0x08001e70      0x49c cmake/stm32cubemx/CMakeFiles/STM32_Drivers.dir/__/__/Drivers/STM32G4xx_HAL_Driver/Src/stm32g4xx_hal_rcc_ex.c.obj
                0x08001e70                HAL_RCCEx_PeriphCLKConfig
 .text.HAL_GPIO_Init
                0x0800230c      0x318 cmake/stm32cubemx/CMakeFiles/STM32_Drivers.dir/__/__/Drivers/STM32G4xx_HAL_Driver/Src/stm32g4xx_hal_gpio.c.obj
                0x0800230c                HAL_GPIO_Init
 .text.HAL_GPIO_WritePin
                0x08002624       0x30 cmake/stm32cubemx/CMakeFiles/STM32_Drivers.dir/__/__/Drivers/STM32G4xx_HAL_Driver/Src/stm32g4xx_hal_gpio.c.obj
                0x08002624                HAL_GPIO_WritePin
 .text.HAL_PWREx_ControlVoltageScaling
                0x08002654      0x148 cmake/stm32cubemx/CMakeFiles/STM32_Drivers.dir/__/__/Drivers/STM32G4xx_HAL_Driver/Src/stm32g4xx_hal_pwr_ex.c.obj
                0x08002654                HAL_PWREx_ControlVoltageScaling
 .text.HAL_PWREx_DisableUCPDDeadBattery
                0x0800279c       0x20 cmake/stm32cubemx/CMakeFiles/STM32_Drivers.dir/__/__/Drivers/STM32G4xx_HAL_Driver/Src/stm32g4xx_hal_pwr_ex.c.obj
                0x0800279c                HAL_PWREx_DisableUCPDDeadBattery
 .text.__NVIC_SetPriorityGrouping
                0x080027bc       0x48 cmake/stm32cubemx/CMakeFiles/STM32_Drivers.dir/__/__/Drivers/STM32G4xx_HAL_Driver/Src/stm32g4xx_hal_cortex.c.obj
 .text.__NVIC_GetPriorityGrouping
                0x08002804       0x1c cmake/stm32cubemx/CMakeFiles/STM32_Drivers.dir/__/__/Drivers/STM32G4xx_HAL_Driver/Src/stm32g4xx_hal_cortex.c.obj
 .text.__NVIC_EnableIRQ
                0x08002820       0x3c cmake/stm32cubemx/CMakeFiles/STM32_Drivers.dir/__/__/Drivers/STM32G4xx_HAL_Driver/Src/stm32g4xx_hal_cortex.c.obj
 .text.__NVIC_SetPriority
                0x0800285c       0x54 cmake/stm32cubemx/CMakeFiles/STM32_Drivers.dir/__/__/Drivers/STM32G4xx_HAL_Driver/Src/stm32g4xx_hal_cortex.c.obj
 .text.NVIC_EncodePriority
                0x080028b0       0x66 cmake/stm32cubemx/CMakeFiles/STM32_Drivers.dir/__/__/Drivers/STM32G4xx_HAL_Driver/Src/stm32g4xx_hal_cortex.c.obj
 *fill*         0x08002916        0x2 
 .text.SysTick_Config
                0x08002918       0x44 cmake/stm32cubemx/CMakeFiles/STM32_Drivers.dir/__/__/Drivers/STM32G4xx_HAL_Driver/Src/stm32g4xx_hal_cortex.c.obj
 .text.HAL_NVIC_SetPriorityGrouping
                0x0800295c       0x16 cmake/stm32cubemx/CMakeFiles/STM32_Drivers.dir/__/__/Drivers/STM32G4xx_HAL_Driver/Src/stm32g4xx_hal_cortex.c.obj
                0x0800295c                HAL_NVIC_SetPriorityGrouping
 .text.HAL_NVIC_SetPriority
                0x08002972       0x34 cmake/stm32cubemx/CMakeFiles/STM32_Drivers.dir/__/__/Drivers/STM32G4xx_HAL_Driver/Src/stm32g4xx_hal_cortex.c.obj
                0x08002972                HAL_NVIC_SetPriority
 .text.HAL_NVIC_EnableIRQ
                0x080029a6       0x1c cmake/stm32cubemx/CMakeFiles/STM32_Drivers.dir/__/__/Drivers/STM32G4xx_HAL_Driver/Src/stm32g4xx_hal_cortex.c.obj
                0x080029a6                HAL_NVIC_EnableIRQ
 .text.HAL_SYSTICK_Config
                0x080029c2       0x18 cmake/stm32cubemx/CMakeFiles/STM32_Drivers.dir/__/__/Drivers/STM32G4xx_HAL_Driver/Src/stm32g4xx_hal_cortex.c.obj
                0x080029c2                HAL_SYSTICK_Config
 .text.HAL_TIM_Base_Init
                0x080029da       0xae cmake/stm32cubemx/CMakeFiles/STM32_Drivers.dir/__/__/Drivers/STM32G4xx_HAL_Driver/Src/stm32g4xx_hal_tim.c.obj
                0x080029da                HAL_TIM_Base_Init
 .text.HAL_TIM_Base_Start_IT
                0x08002a88       0xf0 cmake/stm32cubemx/CMakeFiles/STM32_Drivers.dir/__/__/Drivers/STM32G4xx_HAL_Driver/Src/stm32g4xx_hal_tim.c.obj
                0x08002a88                HAL_TIM_Base_Start_IT
 .text.HAL_TIM_IRQHandler
                0x08002b78      0x29e cmake/stm32cubemx/CMakeFiles/STM32_Drivers.dir/__/__/Drivers/STM32G4xx_HAL_Driver/Src/stm32g4xx_hal_tim.c.obj
                0x08002b78                HAL_TIM_IRQHandler
 .text.HAL_TIM_OC_DelayElapsedCallback
                0x08002e16       0x14 cmake/stm32cubemx/CMakeFiles/STM32_Drivers.dir/__/__/Drivers/STM32G4xx_HAL_Driver/Src/stm32g4xx_hal_tim.c.obj
                0x08002e16                HAL_TIM_OC_DelayElapsedCallback
 .text.HAL_TIM_IC_CaptureCallback
                0x08002e2a       0x14 cmake/stm32cubemx/CMakeFiles/STM32_Drivers.dir/__/__/Drivers/STM32G4xx_HAL_Driver/Src/stm32g4xx_hal_tim.c.obj
                0x08002e2a                HAL_TIM_IC_CaptureCallback
 .text.HAL_TIM_PWM_PulseFinishedCallback
                0x08002e3e       0x14 cmake/stm32cubemx/CMakeFiles/STM32_Drivers.dir/__/__/Drivers/STM32G4xx_HAL_Driver/Src/stm32g4xx_hal_tim.c.obj
                0x08002e3e                HAL_TIM_PWM_PulseFinishedCallback
 .text.HAL_TIM_TriggerCallback
                0x08002e52       0x14 cmake/stm32cubemx/CMakeFiles/STM32_Drivers.dir/__/__/Drivers/STM32G4xx_HAL_Driver/Src/stm32g4xx_hal_tim.c.obj
                0x08002e52                HAL_TIM_TriggerCallback
 *fill*         0x08002e66        0x2 
 .text.TIM_Base_SetConfig
                0x08002e68      0x15c cmake/stm32cubemx/CMakeFiles/STM32_Drivers.dir/__/__/Drivers/STM32G4xx_HAL_Driver/Src/stm32g4xx_hal_tim.c.obj
                0x08002e68                TIM_Base_SetConfig
 .text.HAL_TIMEx_MasterConfigSynchronization
                0x08002fc4      0x12c cmake/stm32cubemx/CMakeFiles/STM32_Drivers.dir/__/__/Drivers/STM32G4xx_HAL_Driver/Src/stm32g4xx_hal_tim_ex.c.obj
                0x08002fc4                HAL_TIMEx_MasterConfigSynchronization
 .text.HAL_TIMEx_CommutCallback
                0x080030f0       0x14 cmake/stm32cubemx/CMakeFiles/STM32_Drivers.dir/__/__/Drivers/STM32G4xx_HAL_Driver/Src/stm32g4xx_hal_tim_ex.c.obj
                0x080030f0                HAL_TIMEx_CommutCallback
 .text.HAL_TIMEx_BreakCallback
                0x08003104       0x14 cmake/stm32cubemx/CMakeFiles/STM32_Drivers.dir/__/__/Drivers/STM32G4xx_HAL_Driver/Src/stm32g4xx_hal_tim_ex.c.obj
                0x08003104                HAL_TIMEx_BreakCallback
 .text.HAL_TIMEx_Break2Callback
                0x08003118       0x14 cmake/stm32cubemx/CMakeFiles/STM32_Drivers.dir/__/__/Drivers/STM32G4xx_HAL_Driver/Src/stm32g4xx_hal_tim_ex.c.obj
                0x08003118                HAL_TIMEx_Break2Callback
 .text.HAL_TIMEx_EncoderIndexCallback
                0x0800312c       0x14 cmake/stm32cubemx/CMakeFiles/STM32_Drivers.dir/__/__/Drivers/STM32G4xx_HAL_Driver/Src/stm32g4xx_hal_tim_ex.c.obj
                0x0800312c                HAL_TIMEx_EncoderIndexCallback
 .text.HAL_TIMEx_DirectionChangeCallback
                0x08003140       0x14 cmake/stm32cubemx/CMakeFiles/STM32_Drivers.dir/__/__/Drivers/STM32G4xx_HAL_Driver/Src/stm32g4xx_hal_tim_ex.c.obj
                0x08003140                HAL_TIMEx_DirectionChangeCallback
 .text.HAL_TIMEx_IndexErrorCallback
                0x08003154       0x14 cmake/stm32cubemx/CMakeFiles/STM32_Drivers.dir/__/__/Drivers/STM32G4xx_HAL_Driver/Src/stm32g4xx_hal_tim_ex.c.obj
                0x08003154                HAL_TIMEx_IndexErrorCallback
 .text.HAL_TIMEx_TransitionErrorCallback
                0x08003168       0x14 cmake/stm32cubemx/CMakeFiles/STM32_Drivers.dir/__/__/Drivers/STM32G4xx_HAL_Driver/Src/stm32g4xx_hal_tim_ex.c.obj
                0x08003168                HAL_TIMEx_TransitionErrorCallback
 .text.HAL_UART_Init
                0x0800317c       0xa0 cmake/stm32cubemx/CMakeFiles/STM32_Drivers.dir/__/__/Drivers/STM32G4xx_HAL_Driver/Src/stm32g4xx_hal_uart.c.obj
                0x0800317c                HAL_UART_Init
 .text.HAL_UART_Receive_IT
                0x0800321c       0x98 cmake/stm32cubemx/CMakeFiles/STM32_Drivers.dir/__/__/Drivers/STM32G4xx_HAL_Driver/Src/stm32g4xx_hal_uart.c.obj
                0x0800321c                HAL_UART_Receive_IT
 .text.HAL_UART_ErrorCallback
                0x080032b4       0x14 cmake/stm32cubemx/CMakeFiles/STM32_Drivers.dir/__/__/Drivers/STM32G4xx_HAL_Driver/Src/stm32g4xx_hal_uart.c.obj
                0x080032b4                HAL_UART_ErrorCallback
 .text.HAL_UARTEx_RxEventCallback
                0x080032c8       0x18 cmake/stm32cubemx/CMakeFiles/STM32_Drivers.dir/__/__/Drivers/STM32G4xx_HAL_Driver/Src/stm32g4xx_hal_uart.c.obj
                0x080032c8                HAL_UARTEx_RxEventCallback
 .text.UART_SetConfig
                0x080032e0      0x5f8 cmake/stm32cubemx/CMakeFiles/STM32_Drivers.dir/__/__/Drivers/STM32G4xx_HAL_Driver/Src/stm32g4xx_hal_uart.c.obj
                0x080032e0                UART_SetConfig
 .text.UART_AdvFeatureConfig
                0x080038d8      0x144 cmake/stm32cubemx/CMakeFiles/STM32_Drivers.dir/__/__/Drivers/STM32G4xx_HAL_Driver/Src/stm32g4xx_hal_uart.c.obj
                0x080038d8                UART_AdvFeatureConfig
 .text.UART_CheckIdleState
                0x08003a1c      0x154 cmake/stm32cubemx/CMakeFiles/STM32_Drivers.dir/__/__/Drivers/STM32G4xx_HAL_Driver/Src/stm32g4xx_hal_uart.c.obj
                0x08003a1c                UART_CheckIdleState
 .text.UART_WaitOnFlagUntilTimeout
                0x08003b70       0xda cmake/stm32cubemx/CMakeFiles/STM32_Drivers.dir/__/__/Drivers/STM32G4xx_HAL_Driver/Src/stm32g4xx_hal_uart.c.obj
                0x08003b70                UART_WaitOnFlagUntilTimeout
 *fill*         0x08003c4a        0x2 
 .text.UART_Start_Receive_IT
                0x08003c4c      0x244 cmake/stm32cubemx/CMakeFiles/STM32_Drivers.dir/__/__/Drivers/STM32G4xx_HAL_Driver/Src/stm32g4xx_hal_uart.c.obj
                0x08003c4c                UART_Start_Receive_IT
 .text.UART_EndRxTransfer
                0x08003e90       0xcc cmake/stm32cubemx/CMakeFiles/STM32_Drivers.dir/__/__/Drivers/STM32G4xx_HAL_Driver/Src/stm32g4xx_hal_uart.c.obj
 .text.UART_RxISR_8BIT
                0x08003f5c      0x1b8 cmake/stm32cubemx/CMakeFiles/STM32_Drivers.dir/__/__/Drivers/STM32G4xx_HAL_Driver/Src/stm32g4xx_hal_uart.c.obj
 .text.UART_RxISR_16BIT
                0x08004114      0x1b8 cmake/stm32cubemx/CMakeFiles/STM32_Drivers.dir/__/__/Drivers/STM32G4xx_HAL_Driver/Src/stm32g4xx_hal_uart.c.obj
 .text.UART_RxISR_8BIT_FIFOEN
                0x080042cc      0x364 cmake/stm32cubemx/CMakeFiles/STM32_Drivers.dir/__/__/Drivers/STM32G4xx_HAL_Driver/Src/stm32g4xx_hal_uart.c.obj
 .text.UART_RxISR_16BIT_FIFOEN
                0x08004630      0x36c cmake/stm32cubemx/CMakeFiles/STM32_Drivers.dir/__/__/Drivers/STM32G4xx_HAL_Driver/Src/stm32g4xx_hal_uart.c.obj
 .text.HAL_UARTEx_DisableFifoMode
                0x0800499c       0x72 cmake/stm32cubemx/CMakeFiles/STM32_Drivers.dir/__/__/Drivers/STM32G4xx_HAL_Driver/Src/stm32g4xx_hal_uart_ex.c.obj
                0x0800499c                HAL_UARTEx_DisableFifoMode
 .text.HAL_UARTEx_SetTxFifoThreshold
                0x08004a0e       0x7c cmake/stm32cubemx/CMakeFiles/STM32_Drivers.dir/__/__/Drivers/STM32G4xx_HAL_Driver/Src/stm32g4xx_hal_uart_ex.c.obj
                0x08004a0e                HAL_UARTEx_SetTxFifoThreshold
 .text.HAL_UARTEx_SetRxFifoThreshold
                0x08004a8a       0x7c cmake/stm32cubemx/CMakeFiles/STM32_Drivers.dir/__/__/Drivers/STM32G4xx_HAL_Driver/Src/stm32g4xx_hal_uart_ex.c.obj
                0x08004a8a                HAL_UARTEx_SetRxFifoThreshold
 *fill*         0x08004b06        0x2 
 .text.UARTEx_SetNbDataToProcess
                0x08004b08       0x9c cmake/stm32cubemx/CMakeFiles/STM32_Drivers.dir/__/__/Drivers/STM32G4xx_HAL_Driver/Src/stm32g4xx_hal_uart_ex.c.obj
 .text.CAN_SEND
                0x08004ba4       0x3c CMakeFiles/f3rc2026_practice.dir/Core/Src/main.c.obj
                0x08004ba4                CAN_SEND
 .text.motor_CAN_filter_init
                0x08004be0       0x3c CMakeFiles/f3rc2026_practice.dir/Core/Src/main.c.obj
                0x08004be0                motor_CAN_filter_init
 .text.motor_CAN_txheader_init
                0x08004c1c       0x4e CMakeFiles/f3rc2026_practice.dir/Core/Src/main.c.obj
                0x08004c1c                motor_CAN_txheader_init
 *fill*         0x08004c6a        0x2 
 .text.motor_CAN_RxTxSettings_init
                0x08004c6c       0xa4 CMakeFiles/f3rc2026_practice.dir/Core/Src/main.c.obj
                0x08004c6c                motor_CAN_RxTxSettings_init
 .text.HAL_FDCAN_RxFifo0Callback
                0x08004d10       0xa4 CMakeFiles/f3rc2026_practice.dir/Core/Src/main.c.obj
                0x08004d10                HAL_FDCAN_RxFifo0Callback
 .text.HAL_TIM_PeriodElapsedCallback
                0x08004db4      0x3ac CMakeFiles/f3rc2026_practice.dir/Core/Src/main.c.obj
                0x08004db4                HAL_TIM_PeriodElapsedCallback
 .text.main     0x08005160      0x14c CMakeFiles/f3rc2026_practice.dir/Core/Src/main.c.obj
                0x08005160                main
 .text.SystemClock_Config
                0x080052ac       0x98 CMakeFiles/f3rc2026_practice.dir/Core/Src/main.c.obj
                0x080052ac                SystemClock_Config
 .text.MX_FDCAN3_Init
                0x08005344       0x90 CMakeFiles/f3rc2026_practice.dir/Core/Src/main.c.obj
 .text.MX_TIM6_Init
                0x080053d4       0x6c CMakeFiles/f3rc2026_practice.dir/Core/Src/main.c.obj
 .text.MX_USART2_UART_Init
                0x08005440       0x98 CMakeFiles/f3rc2026_practice.dir/Core/Src/main.c.obj
 .text.MX_GPIO_Init
                0x080054d8       0x94 CMakeFiles/f3rc2026_practice.dir/Core/Src/main.c.obj
 .text.OmniKinematics
                0x0800556c      0x234 CMakeFiles/f3rc2026_practice.dir/Core/Src/main.c.obj
                0x0800556c                OmniKinematics
 .text.HAL_UART_RxCpltCallback
                0x080057a0       0x88 CMakeFiles/f3rc2026_practice.dir/Core/Src/main.c.obj
                0x080057a0                HAL_UART_RxCpltCallback
 .text.SendMotorCurrent
                0x08005828       0x98 CMakeFiles/f3rc2026_practice.dir/Core/Src/main.c.obj
                0x08005828                SendMotorCurrent
 .text.Error_Handler
                0x080058c0        0xc CMakeFiles/f3rc2026_practice.dir/Core/Src/main.c.obj
                0x080058c0                Error_Handler
 .text.NMI_Handler
                0x080058cc        0x8 CMakeFiles/f3rc2026_practice.dir/Core/Src/stm32g4xx_it.c.obj
                0x080058cc                NMI_Handler
 .text.HardFault_Handler
                0x080058d4        0x8 CMakeFiles/f3rc2026_practice.dir/Core/Src/stm32g4xx_it.c.obj
                0x080058d4                HardFault_Handler
 .text.MemManage_Handler
                0x080058dc        0x8 CMakeFiles/f3rc2026_practice.dir/Core/Src/stm32g4xx_it.c.obj
                0x080058dc                MemManage_Handler
 .text.BusFault_Handler
                0x080058e4        0x8 CMakeFiles/f3rc2026_practice.dir/Core/Src/stm32g4xx_it.c.obj
                0x080058e4                BusFault_Handler
 .text.UsageFault_Handler
                0x080058ec        0x8 CMakeFiles/f3rc2026_practice.dir/Core/Src/stm32g4xx_it.c.obj
                0x080058ec                UsageFault_Handler
 .text.SVC_Handler
                0x080058f4        0xe CMakeFiles/f3rc2026_practice.dir/Core/Src/stm32g4xx_it.c.obj
                0x080058f4                SVC_Handler
 .text.DebugMon_Handler
                0x08005902        0xe CMakeFiles/f3rc2026_practice.dir/Core/Src/stm32g4xx_it.c.obj
                0x08005902                DebugMon_Handler
 .text.PendSV_Handler
                0x08005910        0xe CMakeFiles/f3rc2026_practice.dir/Core/Src/stm32g4xx_it.c.obj
                0x08005910                PendSV_Handler
 .text.SysTick_Handler
                0x0800591e        0xc CMakeFiles/f3rc2026_practice.dir/Core/Src/stm32g4xx_it.c.obj
                0x0800591e                SysTick_Handler
 *fill*         0x0800592a        0x2 
 .text.TIM6_DAC_IRQHandler
                0x0800592c       0x14 CMakeFiles/f3rc2026_practice.dir/Core/Src/stm32g4xx_it.c.obj
                0x0800592c                TIM6_DAC_IRQHandler
 .text.FDCAN3_IT0_IRQHandler
                0x08005940       0x14 CMakeFiles/f3rc2026_practice.dir/Core/Src/stm32g4xx_it.c.obj
                0x08005940                FDCAN3_IT0_IRQHandler
 .text.FDCAN3_IT1_IRQHandler
                0x08005954       0x14 CMakeFiles/f3rc2026_practice.dir/Core/Src/stm32g4xx_it.c.obj
                0x08005954                FDCAN3_IT1_IRQHandler
 .text.HAL_MspInit
                0x08005968       0x48 CMakeFiles/f3rc2026_practice.dir/Core/Src/stm32g4xx_hal_msp.c.obj
                0x08005968                HAL_MspInit
 .text.HAL_FDCAN_MspInit
                0x080059b0       0xd4 CMakeFiles/f3rc2026_practice.dir/Core/Src/stm32g4xx_hal_msp.c.obj
                0x080059b0                HAL_FDCAN_MspInit
 .text.HAL_TIM_Base_MspInit
                0x08005a84       0x4c CMakeFiles/f3rc2026_practice.dir/Core/Src/stm32g4xx_hal_msp.c.obj
                0x08005a84                HAL_TIM_Base_MspInit
 .text.HAL_UART_MspInit
                0x08005ad0       0xb0 CMakeFiles/f3rc2026_practice.dir/Core/Src/stm32g4xx_hal_msp.c.obj
                0x08005ad0                HAL_UART_MspInit
 .text._sbrk    0x08005b80       0x6c CMakeFiles/f3rc2026_practice.dir/Core/Src/sysmem.c.obj
                0x08005b80                _sbrk
 .text._read    0x08005bec       0x3a CMakeFiles/f3rc2026_practice.dir/Core/Src/syscalls.c.obj
                0x08005bec                _read
 .text._write   0x08005c26       0x38 CMakeFiles/f3rc2026_practice.dir/Core/Src/syscalls.c.obj
                0x08005c26                _write
 .text._close   0x08005c5e       0x18 CMakeFiles/f3rc2026_practice.dir/Core/Src/syscalls.c.obj
                0x08005c5e                _close
 .text._fstat   0x08005c76       0x20 CMakeFiles/f3rc2026_practice.dir/Core/Src/syscalls.c.obj
                0x08005c76                _fstat
 .text._isatty  0x08005c96       0x16 CMakeFiles/f3rc2026_practice.dir/Core/Src/syscalls.c.obj
                0x08005c96                _isatty
 .text._lseek   0x08005cac       0x1a CMakeFiles/f3rc2026_practice.dir/Core/Src/syscalls.c.obj
                0x08005cac                _lseek
 *fill*         0x08005cc6        0x2 
 .text.Reset_Handler
                0x08005cc8       0x50 CMakeFiles/f3rc2026_practice.dir/startup_stm32g474xx.s.obj
                0x08005cc8                Reset_Handler
 .text.Default_Handler
                0x08005d18        0x2 CMakeFiles/f3rc2026_practice.dir/startup_stm32g474xx.s.obj
                0x08005d18                RTC_Alarm_IRQHandler
                0x08005d18                EXTI2_IRQHandler
                0x08005d18                TIM8_TRG_COM_IRQHandler
                0x08005d18                TIM8_CC_IRQHandler
                0x08005d18                HRTIM1_Master_IRQHandler
                0x08005d18                SPI4_IRQHandler
                0x08005d18                TIM1_CC_IRQHandler
                0x08005d18                HRTIM1_FLT_IRQHandler
                0x08005d18                HRTIM1_TIMF_IRQHandler
                0x08005d18                USB_HP_IRQHandler
                0x08005d18                CORDIC_IRQHandler
                0x08005d18                HRTIM1_TIMD_IRQHandler
                0x08005d18                DMA2_Channel8_IRQHandler
                0x08005d18                EXTI3_IRQHandler
                0x08005d18                I2C3_ER_IRQHandler
                0x08005d18                EXTI0_IRQHandler
                0x08005d18                I2C2_EV_IRQHandler
                0x08005d18                FPU_IRQHandler
                0x08005d18                FDCAN1_IT1_IRQHandler
                0x08005d18                TIM1_UP_TIM16_IRQHandler
                0x08005d18                ADC1_2_IRQHandler
                0x08005d18                HRTIM1_TIME_IRQHandler
                0x08005d18                SPI1_IRQHandler
                0x08005d18                HRTIM1_TIMC_IRQHandler
                0x08005d18                TIM8_UP_IRQHandler
                0x08005d18                DMA2_Channel2_IRQHandler
                0x08005d18                DMA1_Channel4_IRQHandler
                0x08005d18                TIM20_TRG_COM_IRQHandler
                0x08005d18                USART3_IRQHandler
                0x08005d18                DMA1_Channel7_IRQHandler
                0x08005d18                UART5_IRQHandler
                0x08005d18                ADC3_IRQHandler
                0x08005d18                TIM4_IRQHandler
                0x08005d18                DMA2_Channel1_IRQHandler
                0x08005d18                QUADSPI_IRQHandler
                0x08005d18                I2C1_EV_IRQHandler
                0x08005d18                DMA1_Channel6_IRQHandler
                0x08005d18                UART4_IRQHandler
                0x08005d18                DMA2_Channel4_IRQHandler
                0x08005d18                TIM3_IRQHandler
                0x08005d18                RCC_IRQHandler
                0x08005d18                TIM20_UP_IRQHandler
                0x08005d18                DMA1_Channel1_IRQHandler
                0x08005d18                Default_Handler
                0x08005d18                DMA2_Channel7_IRQHandler
                0x08005d18                RTC_TAMP_LSECSS_IRQHandler
                0x08005d18                FMAC_IRQHandler
                0x08005d18                EXTI15_10_IRQHandler
                0x08005d18                DMA1_Channel8_IRQHandler
                0x08005d18                HRTIM1_TIMA_IRQHandler
                0x08005d18                TIM7_DAC_IRQHandler
                0x08005d18                TIM5_IRQHandler
                0x08005d18                UCPD1_IRQHandler
                0x08005d18                I2C3_EV_IRQHandler
                0x08005d18                EXTI9_5_IRQHandler
                0x08005d18                RTC_WKUP_IRQHandler
                0x08005d18                PVD_PVM_IRQHandler
                0x08005d18                SPI2_IRQHandler
                0x08005d18                ADC5_IRQHandler
                0x08005d18                DMA2_Channel5_IRQHandler
                0x08005d18                CRS_IRQHandler
                0x08005d18                DMA1_Channel5_IRQHandler
                0x08005d18                USB_LP_IRQHandler
                0x08005d18                EXTI4_IRQHandler
                0x08005d18                RNG_IRQHandler
                0x08005d18                HRTIM1_TIMB_IRQHandler
                0x08005d18                TIM1_TRG_COM_TIM17_IRQHandler
                0x08005d18                FDCAN2_IT1_IRQHandler
                0x08005d18                DMA1_Channel3_IRQHandler
                0x08005d18                ADC4_IRQHandler
                0x08005d18                WWDG_IRQHandler
                0x08005d18                I2C4_EV_IRQHandler
                0x08005d18                FDCAN2_IT0_IRQHandler
                0x08005d18                LPUART1_IRQHandler
                0x08005d18                DMA2_Channel6_IRQHandler
                0x08005d18                FDCAN1_IT0_IRQHandler
                0x08005d18                TIM2_IRQHandler
                0x08005d18                COMP7_IRQHandler
                0x08005d18                COMP1_2_3_IRQHandler
                0x08005d18                EXTI1_IRQHandler
                0x08005d18                USART2_IRQHandler
                0x08005d18                COMP4_5_6_IRQHandler
                0x08005d18                TIM20_BRK_IRQHandler
                0x08005d18                I2C2_ER_IRQHandler
                0x08005d18                DMA1_Channel2_IRQHandler
                0x08005d18                TIM8_BRK_IRQHandler
                0x08005d18                FLASH_IRQHandler
                0x08005d18                TIM20_CC_IRQHandler
                0x08005d18                USART1_IRQHandler
                0x08005d18                SPI3_IRQHandler
                0x08005d18                I2C1_ER_IRQHandler
                0x08005d18                FMC_IRQHandler
                0x08005d18                LPTIM1_IRQHandler
                0x08005d18                DMAMUX_OVR_IRQHandler
                0x08005d18                I2C4_ER_IRQHandler
                0x08005d18                USBWakeUp_IRQHandler
                0x08005d18                SAI1_IRQHandler
                0x08005d18                DMA2_Channel3_IRQHandler
                0x08005d18                TIM1_BRK_TIM15_IRQHandler
 *fill*         0x08005d1a        0x2 
 .text.std      0x08005d1c       0x6c C:/Users/kimur_6ppyla1/AppData/Local/stm32cube/bundles/gnu-tools-for-stm32/14.3.1+st.2/bin/../lib/gcc/arm-none-eabi/14.3.1/../../../../arm-none-eabi/lib/thumb/v7e-m+fp/hard\libg_nano.a(libc_a-findfp.o)
 .text.stdio_exit_handler
                0x08005d88       0x18 C:/Users/kimur_6ppyla1/AppData/Local/stm32cube/bundles/gnu-tools-for-stm32/14.3.1+st.2/bin/../lib/gcc/arm-none-eabi/14.3.1/../../../../arm-none-eabi/lib/thumb/v7e-m+fp/hard\libg_nano.a(libc_a-findfp.o)
 .text.cleanup_stdio
                0x08005da0       0x40 C:/Users/kimur_6ppyla1/AppData/Local/stm32cube/bundles/gnu-tools-for-stm32/14.3.1+st.2/bin/../lib/gcc/arm-none-eabi/14.3.1/../../../../arm-none-eabi/lib/thumb/v7e-m+fp/hard\libg_nano.a(libc_a-findfp.o)
 .text.global_stdio_init.part.0
                0x08005de0       0x40 C:/Users/kimur_6ppyla1/AppData/Local/stm32cube/bundles/gnu-tools-for-stm32/14.3.1+st.2/bin/../lib/gcc/arm-none-eabi/14.3.1/../../../../arm-none-eabi/lib/thumb/v7e-m+fp/hard\libg_nano.a(libc_a-findfp.o)
 .text.__sfp_lock_acquire
                0x08005e20        0xc C:/Users/kimur_6ppyla1/AppData/Local/stm32cube/bundles/gnu-tools-for-stm32/14.3.1+st.2/bin/../lib/gcc/arm-none-eabi/14.3.1/../../../../arm-none-eabi/lib/thumb/v7e-m+fp/hard\libg_nano.a(libc_a-findfp.o)
                0x08005e20                __sfp_lock_acquire
 .text.__sfp_lock_release
                0x08005e2c        0xc C:/Users/kimur_6ppyla1/AppData/Local/stm32cube/bundles/gnu-tools-for-stm32/14.3.1+st.2/bin/../lib/gcc/arm-none-eabi/14.3.1/../../../../arm-none-eabi/lib/thumb/v7e-m+fp/hard\libg_nano.a(libc_a-findfp.o)
                0x08005e2c                __sfp_lock_release
 .text.__sinit  0x08005e38       0x30 C:/Users/kimur_6ppyla1/AppData/Local/stm32cube/bundles/gnu-tools-for-stm32/14.3.1+st.2/bin/../lib/gcc/arm-none-eabi/14.3.1/../../../../arm-none-eabi/lib/thumb/v7e-m+fp/hard\libg_nano.a(libc_a-findfp.o)
                0x08005e38                __sinit
 .text._fwalk_sglue
                0x08005e68       0x3c C:/Users/kimur_6ppyla1/AppData/Local/stm32cube/bundles/gnu-tools-for-stm32/14.3.1+st.2/bin/../lib/gcc/arm-none-eabi/14.3.1/../../../../arm-none-eabi/lib/thumb/v7e-m+fp/hard\libg_nano.a(libc_a-fwalk.o)
                0x08005e68                _fwalk_sglue
 .text._puts_r  0x08005ea4       0xaa C:/Users/kimur_6ppyla1/AppData/Local/stm32cube/bundles/gnu-tools-for-stm32/14.3.1+st.2/bin/../lib/gcc/arm-none-eabi/14.3.1/../../../../arm-none-eabi/lib/thumb/v7e-m+fp/hard\libg_nano.a(libc_a-puts.o)
                0x08005ea4                _puts_r
 *fill*         0x08005f4e        0x2 
 .text.puts     0x08005f50       0x10 C:/Users/kimur_6ppyla1/AppData/Local/stm32cube/bundles/gnu-tools-for-stm32/14.3.1+st.2/bin/../lib/gcc/arm-none-eabi/14.3.1/../../../../arm-none-eabi/lib/thumb/v7e-m+fp/hard\libg_nano.a(libc_a-puts.o)
                0x08005f50                puts
 .text.__sread  0x08005f60       0x22 C:/Users/kimur_6ppyla1/AppData/Local/stm32cube/bundles/gnu-tools-for-stm32/14.3.1+st.2/bin/../lib/gcc/arm-none-eabi/14.3.1/../../../../arm-none-eabi/lib/thumb/v7e-m+fp/hard\libg_nano.a(libc_a-stdio.o)
                0x08005f60                __sread
 .text.__swrite
                0x08005f82       0x38 C:/Users/kimur_6ppyla1/AppData/Local/stm32cube/bundles/gnu-tools-for-stm32/14.3.1+st.2/bin/../lib/gcc/arm-none-eabi/14.3.1/../../../../arm-none-eabi/lib/thumb/v7e-m+fp/hard\libg_nano.a(libc_a-stdio.o)
                0x08005f82                __swrite
 .text.__sseek  0x08005fba       0x26 C:/Users/kimur_6ppyla1/AppData/Local/stm32cube/bundles/gnu-tools-for-stm32/14.3.1+st.2/bin/../lib/gcc/arm-none-eabi/14.3.1/../../../../arm-none-eabi/lib/thumb/v7e-m+fp/hard\libg_nano.a(libc_a-stdio.o)
                0x08005fba                __sseek
 .text.__sclose
                0x08005fe0        0x8 C:/Users/kimur_6ppyla1/AppData/Local/stm32cube/bundles/gnu-tools-for-stm32/14.3.1+st.2/bin/../lib/gcc/arm-none-eabi/14.3.1/../../../../arm-none-eabi/lib/thumb/v7e-m+fp/hard\libg_nano.a(libc_a-stdio.o)
                0x08005fe0                __sclose
 .text.__swbuf_r
                0x08005fe8       0x7c C:/Users/kimur_6ppyla1/AppData/Local/stm32cube/bundles/gnu-tools-for-stm32/14.3.1+st.2/bin/../lib/gcc/arm-none-eabi/14.3.1/../../../../arm-none-eabi/lib/thumb/v7e-m+fp/hard\libg_nano.a(libc_a-wbuf.o)
                0x08005fe8                __swbuf_r
 .text.__swsetup_r
                0x08006064       0xa8 C:/Users/kimur_6ppyla1/AppData/Local/stm32cube/bundles/gnu-tools-for-stm32/14.3.1+st.2/bin/../lib/gcc/arm-none-eabi/14.3.1/../../../../arm-none-eabi/lib/thumb/v7e-m+fp/hard\libg_nano.a(libc_a-wsetup.o)
                0x08006064                __swsetup_r
 .text.memset   0x0800610c       0x10 C:/Users/kimur_6ppyla1/AppData/Local/stm32cube/bundles/gnu-tools-for-stm32/14.3.1+st.2/bin/../lib/gcc/arm-none-eabi/14.3.1/../../../../arm-none-eabi/lib/thumb/v7e-m+fp/hard\libg_nano.a(libc_a-memset.o)
                0x0800610c                memset
 .text._close_r
                0x0800611c       0x20 C:/Users/kimur_6ppyla1/AppData/Local/stm32cube/bundles/gnu-tools-for-stm32/14.3.1+st.2/bin/../lib/gcc/arm-none-eabi/14.3.1/../../../../arm-none-eabi/lib/thumb/v7e-m+fp/hard\libg_nano.a(libc_a-closer.o)
                0x0800611c                _close_r
 .text._lseek_r
                0x0800613c       0x24 C:/Users/kimur_6ppyla1/AppData/Local/stm32cube/bundles/gnu-tools-for-stm32/14.3.1+st.2/bin/../lib/gcc/arm-none-eabi/14.3.1/../../../../arm-none-eabi/lib/thumb/v7e-m+fp/hard\libg_nano.a(libc_a-lseekr.o)
                0x0800613c                _lseek_r
 .text._read_r  0x08006160       0x24 C:/Users/kimur_6ppyla1/AppData/Local/stm32cube/bundles/gnu-tools-for-stm32/14.3.1+st.2/bin/../lib/gcc/arm-none-eabi/14.3.1/../../../../arm-none-eabi/lib/thumb/v7e-m+fp/hard\libg_nano.a(libc_a-readr.o)
                0x08006160                _read_r
 .text._write_r
                0x08006184       0x24 C:/Users/kimur_6ppyla1/AppData/Local/stm32cube/bundles/gnu-tools-for-stm32/14.3.1+st.2/bin/../lib/gcc/arm-none-eabi/14.3.1/../../../../arm-none-eabi/lib/thumb/v7e-m+fp/hard\libg_nano.a(libc_a-writer.o)
                0x08006184                _write_r
 .text.__errno  0x080061a8        0xc C:/Users/kimur_6ppyla1/AppData/Local/stm32cube/bundles/gnu-tools-for-stm32/14.3.1+st.2/bin/../lib/gcc/arm-none-eabi/14.3.1/../../../../arm-none-eabi/lib/thumb/v7e-m+fp/hard\libg_nano.a(libc_a-errno.o)
                0x080061a8                __errno
 .text.__libc_init_array
                0x080061b4       0x48 C:/Users/kimur_6ppyla1/AppData/Local/stm32cube/bundles/gnu-tools-for-stm32/14.3.1+st.2/bin/../lib/gcc/arm-none-eabi/14.3.1/../../../../arm-none-eabi/lib/thumb/v7e-m+fp/hard\libg_nano.a(libc_a-init.o)
                0x080061b4                __libc_init_array
 .text.__retarget_lock_init_recursive
                0x080061fc        0x2 C:/Users/kimur_6ppyla1/AppData/Local/stm32cube/bundles/gnu-tools-for-stm32/14.3.1+st.2/bin/../lib/gcc/arm-none-eabi/14.3.1/../../../../arm-none-eabi/lib/thumb/v7e-m+fp/hard\libg_nano.a(libc_a-lock.o)
                0x080061fc                __retarget_lock_init_recursive
 .text.__retarget_lock_acquire_recursive
                0x080061fe        0x2 C:/Users/kimur_6ppyla1/AppData/Local/stm32cube/bundles/gnu-tools-for-stm32/14.3.1+st.2/bin/../lib/gcc/arm-none-eabi/14.3.1/../../../../arm-none-eabi/lib/thumb/v7e-m+fp/hard\libg_nano.a(libc_a-lock.o)
                0x080061fe                __retarget_lock_acquire_recursive
 .text.__retarget_lock_release_recursive
                0x08006200        0x2 C:/Users/kimur_6ppyla1/AppData/Local/stm32cube/bundles/gnu-tools-for-stm32/14.3.1+st.2/bin/../lib/gcc/arm-none-eabi/14.3.1/../../../../arm-none-eabi/lib/thumb/v7e-m+fp/hard\libg_nano.a(libc_a-lock.o)
                0x08006200                __retarget_lock_release_recursive
 *fill*         0x08006202        0x2 
 .text._free_r  0x08006204       0x94 C:/Users/kimur_6ppyla1/AppData/Local/stm32cube/bundles/gnu-tools-for-stm32/14.3.1+st.2/bin/../lib/gcc/arm-none-eabi/14.3.1/../../../../arm-none-eabi/lib/thumb/v7e-m+fp/hard\libg_nano.a(libc_a-freer.o)
                0x08006204                _free_r
 .text.sbrk_aligned
                0x08006298       0x44 C:/Users/kimur_6ppyla1/AppData/Local/stm32cube/bundles/gnu-tools-for-stm32/14.3.1+st.2/bin/../lib/gcc/arm-none-eabi/14.3.1/../../../../arm-none-eabi/lib/thumb/v7e-m+fp/hard\libg_nano.a(libc_a-mallocr.o)
 .text._malloc_r
                0x080062dc      0x100 C:/Users/kimur_6ppyla1/AppData/Local/stm32cube/bundles/gnu-tools-for-stm32/14.3.1+st.2/bin/../lib/gcc/arm-none-eabi/14.3.1/../../../../arm-none-eabi/lib/thumb/v7e-m+fp/hard\libg_nano.a(libc_a-mallocr.o)
                0x080062dc                _malloc_r
 .text.__malloc_lock
                0x080063dc        0xc C:/Users/kimur_6ppyla1/AppData/Local/stm32cube/bundles/gnu-tools-for-stm32/14.3.1+st.2/bin/../lib/gcc/arm-none-eabi/14.3.1/../../../../arm-none-eabi/lib/thumb/v7e-m+fp/hard\libg_nano.a(libc_a-mlock.o)
                0x080063dc                __malloc_lock
 .text.__malloc_unlock
                0x080063e8        0xc C:/Users/kimur_6ppyla1/AppData/Local/stm32cube/bundles/gnu-tools-for-stm32/14.3.1+st.2/bin/../lib/gcc/arm-none-eabi/14.3.1/../../../../arm-none-eabi/lib/thumb/v7e-m+fp/hard\libg_nano.a(libc_a-mlock.o)
                0x080063e8                __malloc_unlock
 .text.__sflush_r
                0x080063f4      0x104 C:/Users/kimur_6ppyla1/AppData/Local/stm32cube/bundles/gnu-tools-for-stm32/14.3.1+st.2/bin/../lib/gcc/arm-none-eabi/14.3.1/../../../../arm-none-eabi/lib/thumb/v7e-m+fp/hard\libg_nano.a(libc_a-fflush.o)
                0x080063f4                __sflush_r
 .text._fflush_r
                0x080064f8       0x50 C:/Users/kimur_6ppyla1/AppData/Local/stm32cube/bundles/gnu-tools-for-stm32/14.3.1+st.2/bin/../lib/gcc/arm-none-eabi/14.3.1/../../../../arm-none-eabi/lib/thumb/v7e-m+fp/hard\libg_nano.a(libc_a-fflush.o)
                0x080064f8                _fflush_r
 .text.__swhatbuf_r
                0x08006548       0x48 C:/Users/kimur_6ppyla1/AppData/Local/stm32cube/bundles/gnu-tools-for-stm32/14.3.1+st.2/bin/../lib/gcc/arm-none-eabi/14.3.1/../../../../arm-none-eabi/lib/thumb/v7e-m+fp/hard\libg_nano.a(libc_a-makebuf.o)
                0x08006548                __swhatbuf_r
 .text.__smakebuf_r
                0x08006590       0x72 C:/Users/kimur_6ppyla1/AppData/Local/stm32cube/bundles/gnu-tools-for-stm32/14.3.1+st.2/bin/../lib/gcc/arm-none-eabi/14.3.1/../../../../arm-none-eabi/lib/thumb/v7e-m+fp/hard\libg_nano.a(libc_a-makebuf.o)
                0x08006590                __smakebuf_r
 *fill*         0x08006602        0x2 
 .text._fstat_r
                0x08006604       0x24 C:/Users/kimur_6ppyla1/AppData/Local/stm32cube/bundles/gnu-tools-for-stm32/14.3.1+st.2/bin/../lib/gcc/arm-none-eabi/14.3.1/../../../../arm-none-eabi/lib/thumb/v7e-m+fp/hard\libg_nano.a(libc_a-fstatr.o)
                0x08006604                _fstat_r
 .text._isatty_r
                0x08006628       0x20 C:/Users/kimur_6ppyla1/AppData/Local/stm32cube/bundles/gnu-tools-for-stm32/14.3.1+st.2/bin/../lib/gcc/arm-none-eabi/14.3.1/../../../../arm-none-eabi/lib/thumb/v7e-m+fp/hard\libg_nano.a(libc_a-isattyr.o)
                0x08006628                _isatty_r
 .text._sbrk_r  0x08006648       0x20 C:/Users/kimur_6ppyla1/AppData/Local/stm32cube/bundles/gnu-tools-for-stm32/14.3.1+st.2/bin/../lib/gcc/arm-none-eabi/14.3.1/../../../../arm-none-eabi/lib/thumb/v7e-m+fp/hard\libg_nano.a(libc_a-sbrkr.o)
                0x08006648                _sbrk_r
 *(.glue_7)
 .glue_7        0x08006668        0x0 linker stubs
 *(.glue_7t)
 .glue_7t       0x08006668        0x0 linker stubs
 *(.eh_frame)
 .eh_frame      0x08006668        0x0 C:/Users/kimur_6ppyla1/AppData/Local/stm32cube/bundles/gnu-tools-for-stm32/14.3.1+st.2/bin/../lib/gcc/arm-none-eabi/14.3.1/thumb/v7e-m+fp/hard/crtbegin.o
 *(.init)
 .init          0x08006668        0x4 C:/Users/kimur_6ppyla1/AppData/Local/stm32cube/bundles/gnu-tools-for-stm32/14.3.1+st.2/bin/../lib/gcc/arm-none-eabi/14.3.1/thumb/v7e-m+fp/hard/crti.o
                0x08006668                _init
 .init          0x0800666c        0x8 C:/Users/kimur_6ppyla1/AppData/Local/stm32cube/bundles/gnu-tools-for-stm32/14.3.1+st.2/bin/../lib/gcc/arm-none-eabi/14.3.1/thumb/v7e-m+fp/hard/crtn.o
 *(.fini)
 .fini          0x08006674        0x4 C:/Users/kimur_6ppyla1/AppData/Local/stm32cube/bundles/gnu-tools-for-stm32/14.3.1+st.2/bin/../lib/gcc/arm-none-eabi/14.3.1/thumb/v7e-m+fp/hard/crti.o
                0x08006674                _fini
 .fini          0x08006678        0x8 C:/Users/kimur_6ppyla1/AppData/Local/stm32cube/bundles/gnu-tools-for-stm32/14.3.1+st.2/bin/../lib/gcc/arm-none-eabi/14.3.1/thumb/v7e-m+fp/hard/crtn.o
                0x08006680                        . = ALIGN (0x4)
                0x08006680                        _etext = .

.vfp11_veneer   0x08006680        0x0
 .vfp11_veneer  0x08006680        0x0 linker stubs

.v4_bx          0x08006680        0x0
 .v4_bx         0x08006680        0x0 linker stubs

.iplt           0x08006680        0x0
 .iplt          0x08006680        0x0 C:/Users/kimur_6ppyla1/AppData/Local/stm32cube/bundles/gnu-tools-for-stm32/14.3.1+st.2/bin/../lib/gcc/arm-none-eabi/14.3.1/thumb/v7e-m+fp/hard/crtbegin.o

.rodata         0x08006680      0x10c
                0x08006680                        . = ALIGN (0x4)
 *(.rodata)
 .rodata        0x08006680       0xbb CMakeFiles/f3rc2026_practice.dir/Core/Src/main.c.obj
 *(.rodata*)
 *fill*         0x0800673b        0x1 
 .rodata.AHBPrescTable
                0x0800673c       0x10 cmake/stm32cubemx/CMakeFiles/STM32_Drivers.dir/__/__/Core/Src/system_stm32g4xx.c.obj
                0x0800673c                AHBPrescTable
 .rodata.APBPrescTable
                0x0800674c        0x8 cmake/stm32cubemx/CMakeFiles/STM32_Drivers.dir/__/__/Core/Src/system_stm32g4xx.c.obj
                0x0800674c                APBPrescTable
 .rodata.DLCtoBytes
                0x08006754       0x10 cmake/stm32cubemx/CMakeFiles/STM32_Drivers.dir/__/__/Drivers/STM32G4xx_HAL_Driver/Src/stm32g4xx_hal_fdcan.c.obj
 .rodata.UARTPrescTable
                0x08006764       0x18 cmake/stm32cubemx/CMakeFiles/STM32_Drivers.dir/__/__/Drivers/STM32G4xx_HAL_Driver/Src/stm32g4xx_hal_uart.c.obj
                0x08006764                UARTPrescTable
 .rodata.numerator.1
                0x0800677c        0x8 cmake/stm32cubemx/CMakeFiles/STM32_Drivers.dir/__/__/Drivers/STM32G4xx_HAL_Driver/Src/stm32g4xx_hal_uart_ex.c.obj
 .rodata.denominator.0
                0x08006784        0x8 cmake/stm32cubemx/CMakeFiles/STM32_Drivers.dir/__/__/Drivers/STM32G4xx_HAL_Driver/Src/stm32g4xx_hal_uart_ex.c.obj
                0x0800678c                        . = ALIGN (0x4)

.ARM.extab      0x0800678c        0x0
                0x0800678c                        . = ALIGN (0x4)
 *(.ARM.extab* .gnu.linkonce.armextab.*)
                0x0800678c                        . = ALIGN (0x4)

.ARM            0x0800678c        0x8
                0x0800678c                        . = ALIGN (0x4)
                0x0800678c                        __exidx_start = .
 *(.ARM.exidx*)
 .ARM.exidx     0x0800678c        0x8 C:/Users/kimur_6ppyla1/AppData/Local/stm32cube/bundles/gnu-tools-for-stm32/14.3.1+st.2/bin/../lib/gcc/arm-none-eabi/14.3.1/thumb/v7e-m+fp/hard\libgcc.a(_udivmoddi4.o)
                0x08006794                        __exidx_end = .
                0x08006794                        . = ALIGN (0x4)

.preinit_array  0x08006794        0x0
                0x08006794                        . = ALIGN (0x4)
                0x08006794                        PROVIDE (__preinit_array_start = .)
 *(.preinit_array*)
                0x08006794                        PROVIDE (__preinit_array_end = .)
                0x08006794                        . = ALIGN (0x4)

.init_array     0x08006794        0x4
                0x08006794                        . = ALIGN (0x4)
                0x08006794                        PROVIDE (__init_array_start = .)
 *(SORT_BY_NAME(.init_array.*))
 *(.init_array*)
 .init_array    0x08006794        0x4 C:/Users/kimur_6ppyla1/AppData/Local/stm32cube/bundles/gnu-tools-for-stm32/14.3.1+st.2/bin/../lib/gcc/arm-none-eabi/14.3.1/thumb/v7e-m+fp/hard/crtbegin.o
                0x08006798                        PROVIDE (__init_array_end = .)
                0x08006798                        . = ALIGN (0x4)

.fini_array     0x08006798        0x4
                0x08006798                        . = ALIGN (0x4)
                [!provide]                        PROVIDE (__fini_array_start = .)
 *(SORT_BY_NAME(.fini_array.*))
 *(.fini_array*)
 .fini_array    0x08006798        0x4 C:/Users/kimur_6ppyla1/AppData/Local/stm32cube/bundles/gnu-tools-for-stm32/14.3.1+st.2/bin/../lib/gcc/arm-none-eabi/14.3.1/thumb/v7e-m+fp/hard/crtbegin.o
                [!provide]                        PROVIDE (__fini_array_end = .)
                0x0800679c                        . = ALIGN (0x4)
                0x0800679c                        _sidata = LOADADDR (.data)

.rel.dyn        0x0800679c        0x0
 .rel.iplt      0x0800679c        0x0 C:/Users/kimur_6ppyla1/AppData/Local/stm32cube/bundles/gnu-tools-for-stm32/14.3.1+st.2/bin/../lib/gcc/arm-none-eabi/14.3.1/thumb/v7e-m+fp/hard/crtbegin.o

.data           0x20000000       0x68 load address 0x0800679c
                0x20000000                        . = ALIGN (0x4)
                0x20000000                        _sdata = .
 *(.data)
 *(.data*)
 .data.SystemCoreClock
                0x20000000        0x4 cmake/stm32cubemx/CMakeFiles/STM32_Drivers.dir/__/__/Core/Src/system_stm32g4xx.c.obj
                0x20000000                SystemCoreClock
 .data.uwTickPrio
                0x20000004        0x4 cmake/stm32cubemx/CMakeFiles/STM32_Drivers.dir/__/__/Drivers/STM32G4xx_HAL_Driver/Src/stm32g4xx_hal.c.obj
                0x20000004                uwTickPrio
 .data.uwTickFreq
                0x20000008        0x4 cmake/stm32cubemx/CMakeFiles/STM32_Drivers.dir/__/__/Drivers/STM32G4xx_HAL_Driver/Src/stm32g4xx_hal.c.obj
                0x20000008                uwTickFreq
 .data.__sglue  0x2000000c        0xc C:/Users/kimur_6ppyla1/AppData/Local/stm32cube/bundles/gnu-tools-for-stm32/14.3.1+st.2/bin/../lib/gcc/arm-none-eabi/14.3.1/../../../../arm-none-eabi/lib/thumb/v7e-m+fp/hard\libg_nano.a(libc_a-findfp.o)
                0x2000000c                __sglue
 .data._impure_ptr
                0x20000018        0x4 C:/Users/kimur_6ppyla1/AppData/Local/stm32cube/bundles/gnu-tools-for-stm32/14.3.1+st.2/bin/../lib/gcc/arm-none-eabi/14.3.1/../../../../arm-none-eabi/lib/thumb/v7e-m+fp/hard\libg_nano.a(libc_a-impure.o)
                0x20000018                _impure_ptr
 .data._impure_data
                0x2000001c       0x4c C:/Users/kimur_6ppyla1/AppData/Local/stm32cube/bundles/gnu-tools-for-stm32/14.3.1+st.2/bin/../lib/gcc/arm-none-eabi/14.3.1/../../../../arm-none-eabi/lib/thumb/v7e-m+fp/hard\libg_nano.a(libc_a-impure.o)
                0x2000001c                _impure_data
 *(.RamFunc)
 *(.RamFunc*)
                0x20000068                        . = ALIGN (0x4)

.igot.plt       0x20000068        0x0 load address 0x08006804
 .igot.plt      0x20000068        0x0 C:/Users/kimur_6ppyla1/AppData/Local/stm32cube/bundles/gnu-tools-for-stm32/14.3.1+st.2/bin/../lib/gcc/arm-none-eabi/14.3.1/thumb/v7e-m+fp/hard/crtbegin.o

.tdata          0x20000068        0x0 load address 0x08006804
 *(.tdata .tdata.* .gnu.linkonce.td.*)
                0x20000068                        . = ALIGN (0x4)
                0x20000068                        _edata = .
                [!provide]                        PROVIDE (__data_end = .)
                [!provide]                        PROVIDE (__tdata_end = .)
                [!provide]                        PROVIDE (__tdata_start = ADDR (.tdata))
                [!provide]                        PROVIDE (__tdata_size = (__tdata_end - __tdata_start))
                [!provide]                        PROVIDE (__data_start = ADDR (.data))
                [!provide]                        PROVIDE (__data_size = (__data_end - __data_start))
                [!provide]                        PROVIDE (__tdata_source = LOADADDR (.tdata))
                [!provide]                        PROVIDE (__tdata_source_end = (LOADADDR (.tdata) + SIZEOF (.tdata)))
                [!provide]                        PROVIDE (__tdata_source_size = (__tdata_source_end - __tdata_source))
                [!provide]                        PROVIDE (__data_source = LOADADDR (.data))
                [!provide]                        PROVIDE (__data_source_end = __tdata_source_end)
                [!provide]                        PROVIDE (__data_source_size = (__data_source_end - __data_source))

.tbss           0x20000068        0x0 load address 0x08006804
                0x20000068                        _sbss = .
                0x20000068                        __bss_start__ = _sbss
 *(.tbss .tbss.*)
                0x20000068                        . = ALIGN (0x4)
                [!provide]                        PROVIDE (__tbss_end = .)
                [!provide]                        PROVIDE (__tbss_start = ADDR (.tbss))
                [!provide]                        PROVIDE (__tbss_size = (__tbss_end - __tbss_start))
                [!provide]                        PROVIDE (__tbss_offset = (ADDR (.tbss) - ADDR (.tdata)))
                [!provide]                        PROVIDE (__tls_base = __tdata_start)
                [!provide]                        PROVIDE (__tls_end = __tbss_end)
                [!provide]                        PROVIDE (__tls_size = (__tls_end - __tls_base))
                [!provide]                        PROVIDE (__tls_align = MAX (ALIGNOF (.tdata), ALIGNOF (.tbss)))
                [!provide]                        PROVIDE (__tls_size_align = (((__tls_size + __tls_align) - 0x1) & ~ ((__tls_align - 0x1))))
                [!provide]                        PROVIDE (__arm32_tls_tcb_offset = MAX (0x8, __tls_align))
                [!provide]                        PROVIDE (__arm64_tls_tcb_offset = MAX (0x10, __tls_align))

.bss            0x20000068      0x3a0 load address 0x08006804
 *(.bss)
 .bss           0x20000068       0x1c C:/Users/kimur_6ppyla1/AppData/Local/stm32cube/bundles/gnu-tools-for-stm32/14.3.1+st.2/bin/../lib/gcc/arm-none-eabi/14.3.1/thumb/v7e-m+fp/hard/crtbegin.o
 *(.bss*)
 .bss.uwTick    0x20000084        0x4 cmake/stm32cubemx/CMakeFiles/STM32_Drivers.dir/__/__/Drivers/STM32G4xx_HAL_Driver/Src/stm32g4xx_hal.c.obj
                0x20000084                uwTick
 .bss.hfdcan3   0x20000088       0x64 CMakeFiles/f3rc2026_practice.dir/Core/Src/main.c.obj
                0x20000088                hfdcan3
 .bss.htim6     0x200000ec       0x4c CMakeFiles/f3rc2026_practice.dir/Core/Src/main.c.obj
                0x200000ec                htim6
 .bss.huart2    0x20000138       0x94 CMakeFiles/f3rc2026_practice.dir/Core/Src/main.c.obj
                0x20000138                huart2
 .bss.Vx        0x200001cc        0x4 CMakeFiles/f3rc2026_practice.dir/Core/Src/main.c.obj
                0x200001cc                Vx
 .bss.Vy        0x200001d0        0x4 CMakeFiles/f3rc2026_practice.dir/Core/Src/main.c.obj
                0x200001d0                Vy
 .bss.omega     0x200001d4        0x4 CMakeFiles/f3rc2026_practice.dir/Core/Src/main.c.obj
                0x200001d4                omega
 .bss.rxBuf     0x200001d8       0x40 CMakeFiles/f3rc2026_practice.dir/Core/Src/main.c.obj
                0x200001d8                rxBuf
 .bss.rxFlag    0x20000218        0x1 CMakeFiles/f3rc2026_practice.dir/Core/Src/main.c.obj
                0x20000218                rxFlag
 .bss.rxChar    0x20000219        0x1 CMakeFiles/f3rc2026_practice.dir/Core/Src/main.c.obj
                0x20000219                rxChar
 .bss.rxIndex   0x2000021a        0x1 CMakeFiles/f3rc2026_practice.dir/Core/Src/main.c.obj
                0x2000021a                rxIndex
 *fill*         0x2000021b        0x1 
 .bss.TxHeader_motor
                0x2000021c       0x24 CMakeFiles/f3rc2026_practice.dir/Core/Src/main.c.obj
                0x2000021c                TxHeader_motor
 .bss.motor_speed_A
                0x20000240        0x4 CMakeFiles/f3rc2026_practice.dir/Core/Src/main.c.obj
                0x20000240                motor_speed_A
 .bss.motor_speed_B
                0x20000244        0x4 CMakeFiles/f3rc2026_practice.dir/Core/Src/main.c.obj
                0x20000244                motor_speed_B
 .bss.motor_speed_C
                0x20000248        0x4 CMakeFiles/f3rc2026_practice.dir/Core/Src/main.c.obj
                0x20000248                motor_speed_C
 .bss.motor_speed_D
                0x2000024c        0x4 CMakeFiles/f3rc2026_practice.dir/Core/Src/main.c.obj
                0x2000024c                motor_speed_D
 .bss.TxData    0x20000250        0x8 CMakeFiles/f3rc2026_practice.dir/Core/Src/main.c.obj
                0x20000250                TxData
 .bss.robomas   0x20000258       0x60 CMakeFiles/f3rc2026_practice.dir/Core/Src/main.c.obj
                0x20000258                robomas
 .bss.__sbrk_heap_end
                0x200002b8        0x4 CMakeFiles/f3rc2026_practice.dir/Core/Src/sysmem.c.obj
 .bss.__sf      0x200002bc      0x138 C:/Users/kimur_6ppyla1/AppData/Local/stm32cube/bundles/gnu-tools-for-stm32/14.3.1+st.2/bin/../lib/gcc/arm-none-eabi/14.3.1/../../../../arm-none-eabi/lib/thumb/v7e-m+fp/hard\libg_nano.a(libc_a-findfp.o)
                0x200002bc                __sf
 .bss.__stdio_exit_handler
                0x200003f4        0x4 C:/Users/kimur_6ppyla1/AppData/Local/stm32cube/bundles/gnu-tools-for-stm32/14.3.1+st.2/bin/../lib/gcc/arm-none-eabi/14.3.1/../../../../arm-none-eabi/lib/thumb/v7e-m+fp/hard\libg_nano.a(libc_a-findfp.o)
                0x200003f4                __stdio_exit_handler
 .bss.errno     0x200003f8        0x4 C:/Users/kimur_6ppyla1/AppData/Local/stm32cube/bundles/gnu-tools-for-stm32/14.3.1+st.2/bin/../lib/gcc/arm-none-eabi/14.3.1/../../../../arm-none-eabi/lib/thumb/v7e-m+fp/hard\libg_nano.a(libc_a-reent.o)
                0x200003f8                errno
 .bss.__lock___malloc_recursive_mutex
                0x200003fc        0x1 C:/Users/kimur_6ppyla1/AppData/Local/stm32cube/bundles/gnu-tools-for-stm32/14.3.1+st.2/bin/../lib/gcc/arm-none-eabi/14.3.1/../../../../arm-none-eabi/lib/thumb/v7e-m+fp/hard\libg_nano.a(libc_a-lock.o)
                0x200003fc                __lock___malloc_recursive_mutex
 .bss.__lock___sfp_recursive_mutex
                0x200003fd        0x1 C:/Users/kimur_6ppyla1/AppData/Local/stm32cube/bundles/gnu-tools-for-stm32/14.3.1+st.2/bin/../lib/gcc/arm-none-eabi/14.3.1/../../../../arm-none-eabi/lib/thumb/v7e-m+fp/hard\libg_nano.a(libc_a-lock.o)
                0x200003fd                __lock___sfp_recursive_mutex
 *fill*         0x200003fe        0x2 
 .bss.__malloc_sbrk_start
                0x20000400        0x4 C:/Users/kimur_6ppyla1/AppData/Local/stm32cube/bundles/gnu-tools-for-stm32/14.3.1+st.2/bin/../lib/gcc/arm-none-eabi/14.3.1/../../../../arm-none-eabi/lib/thumb/v7e-m+fp/hard\libg_nano.a(libc_a-mallocr.o)
                0x20000400                __malloc_sbrk_start
 .bss.__malloc_free_list
                0x20000404        0x4 C:/Users/kimur_6ppyla1/AppData/Local/stm32cube/bundles/gnu-tools-for-stm32/14.3.1+st.2/bin/../lib/gcc/arm-none-eabi/14.3.1/../../../../arm-none-eabi/lib/thumb/v7e-m+fp/hard\libg_nano.a(libc_a-mallocr.o)
                0x20000404                __malloc_free_list
 *(COMMON)
                0x20000408                        . = ALIGN (0x4)
                0x20000408                        _ebss = .
                0x20000408                        __bss_end__ = _ebss
                [!provide]                        PROVIDE (__bss_end = .)
                [!provide]                        PROVIDE (__non_tls_bss_start = ADDR (.bss))
                [!provide]                        PROVIDE (__bss_start = __tbss_start)
                [!provide]                        PROVIDE (__bss_size = (__bss_end - __bss_start))

._user_heap_stack
                0x20000408      0x600 load address 0x08006804
                0x20000408                        . = ALIGN (0x8)
                [!provide]                        PROVIDE (end = .)
                0x20000408                        PROVIDE (_end = .)
                0x20000608                        . = (. + _Min_Heap_Size)
 *fill*         0x20000408      0x200 
                0x20000a08                        . = (. + _Min_Stack_Size)
 *fill*         0x20000608      0x400 
                0x20000a08                        . = ALIGN (0x8)

/DISCARD/
 libc.a:*(*)
 libm.a:*(*)
 libgcc.a:*(*)
OUTPUT(f3rc2026_practice.elf elf32-littlearm)
LOAD linker stubs

.ARM.attributes
                0x00000000       0x30
 .ARM.attributes
                0x00000000       0x22 C:/Users/kimur_6ppyla1/AppData/Local/stm32cube/bundles/gnu-tools-for-stm32/14.3.1+st.2/bin/../lib/gcc/arm-none-eabi/14.3.1/thumb/v7e-m+fp/hard/crti.o
 .ARM.attributes
                0x00000022       0x34 C:/Users/kimur_6ppyla1/AppData/Local/stm32cube/bundles/gnu-tools-for-stm32/14.3.1+st.2/bin/../lib/gcc/arm-none-eabi/14.3.1/thumb/v7e-m+fp/hard/crtbegin.o
 .ARM.attributes
                0x00000056       0x34 cmake/stm32cubemx/CMakeFiles/STM32_Drivers.dir/__/__/Core/Src/system_stm32g4xx.c.obj
 .ARM.attributes
                0x0000008a       0x34 cmake/stm32cubemx/CMakeFiles/STM32_Drivers.dir/__/__/Drivers/STM32G4xx_HAL_Driver/Src/stm32g4xx_hal_fdcan.c.obj
 .ARM.attributes
                0x000000be       0x34 cmake/stm32cubemx/CMakeFiles/STM32_Drivers.dir/__/__/Drivers/STM32G4xx_HAL_Driver/Src/stm32g4xx_hal.c.obj
 .ARM.attributes
                0x000000f2       0x34 cmake/stm32cubemx/CMakeFiles/STM32_Drivers.dir/__/__/Drivers/STM32G4xx_HAL_Driver/Src/stm32g4xx_hal_rcc.c.obj
 .ARM.attributes
                0x00000126       0x34 cmake/stm32cubemx/CMakeFiles/STM32_Drivers.dir/__/__/Drivers/STM32G4xx_HAL_Driver/Src/stm32g4xx_hal_rcc_ex.c.obj
 .ARM.attributes
                0x0000015a       0x34 cmake/stm32cubemx/CMakeFiles/STM32_Drivers.dir/__/__/Drivers/STM32G4xx_HAL_Driver/Src/stm32g4xx_hal_gpio.c.obj
 .ARM.attributes
                0x0000018e       0x34 cmake/stm32cubemx/CMakeFiles/STM32_Drivers.dir/__/__/Drivers/STM32G4xx_HAL_Driver/Src/stm32g4xx_hal_pwr_ex.c.obj
 .ARM.attributes
                0x000001c2       0x34 cmake/stm32cubemx/CMakeFiles/STM32_Drivers.dir/__/__/Drivers/STM32G4xx_HAL_Driver/Src/stm32g4xx_hal_cortex.c.obj
 .ARM.attributes
                0x000001f6       0x34 cmake/stm32cubemx/CMakeFiles/STM32_Drivers.dir/__/__/Drivers/STM32G4xx_HAL_Driver/Src/stm32g4xx_hal_tim.c.obj
 .ARM.attributes
                0x0000022a       0x34 cmake/stm32cubemx/CMakeFiles/STM32_Drivers.dir/__/__/Drivers/STM32G4xx_HAL_Driver/Src/stm32g4xx_hal_tim_ex.c.obj
 .ARM.attributes
                0x0000025e       0x34 cmake/stm32cubemx/CMakeFiles/STM32_Drivers.dir/__/__/Drivers/STM32G4xx_HAL_Driver/Src/stm32g4xx_hal_uart.c.obj
 .ARM.attributes
                0x00000292       0x34 cmake/stm32cubemx/CMakeFiles/STM32_Drivers.dir/__/__/Drivers/STM32G4xx_HAL_Driver/Src/stm32g4xx_hal_uart_ex.c.obj
 .ARM.attributes
                0x000002c6       0x34 CMakeFiles/f3rc2026_practice.dir/Core/Src/main.c.obj
 .ARM.attributes
                0x000002fa       0x34 CMakeFiles/f3rc2026_practice.dir/Core/Src/stm32g4xx_it.c.obj
 .ARM.attributes
                0x0000032e       0x34 CMakeFiles/f3rc2026_practice.dir/Core/Src/stm32g4xx_hal_msp.c.obj
 .ARM.attributes
                0x00000362       0x34 CMakeFiles/f3rc2026_practice.dir/Core/Src/sysmem.c.obj
 .ARM.attributes
                0x00000396       0x34 CMakeFiles/f3rc2026_practice.dir/Core/Src/syscalls.c.obj
 .ARM.attributes
                0x000003ca       0x21 CMakeFiles/f3rc2026_practice.dir/startup_stm32g474xx.s.obj
 .ARM.attributes
                0x000003eb       0x22 C:/Users/kimur_6ppyla1/AppData/Local/stm32cube/bundles/gnu-tools-for-stm32/14.3.1+st.2/bin/../lib/gcc/arm-none-eabi/14.3.1/thumb/v7e-m+fp/hard\libgcc.a(_aeabi_uldivmod.o)
 .ARM.attributes
                0x0000040d       0x34 C:/Users/kimur_6ppyla1/AppData/Local/stm32cube/bundles/gnu-tools-for-stm32/14.3.1+st.2/bin/../lib/gcc/arm-none-eabi/14.3.1/thumb/v7e-m+fp/hard\libgcc.a(_udivmoddi4.o)
 .ARM.attributes
                0x00000441       0x22 C:/Users/kimur_6ppyla1/AppData/Local/stm32cube/bundles/gnu-tools-for-stm32/14.3.1+st.2/bin/../lib/gcc/arm-none-eabi/14.3.1/thumb/v7e-m+fp/hard\libgcc.a(_dvmd_tls.o)
 .ARM.attributes
                0x00000463       0x34 C:/Users/kimur_6ppyla1/AppData/Local/stm32cube/bundles/gnu-tools-for-stm32/14.3.1+st.2/bin/../lib/gcc/arm-none-eabi/14.3.1/../../../../arm-none-eabi/lib/thumb/v7e-m+fp/hard\libg_nano.a(libc_a-findfp.o)
 .ARM.attributes
                0x00000497       0x34 C:/Users/kimur_6ppyla1/AppData/Local/stm32cube/bundles/gnu-tools-for-stm32/14.3.1+st.2/bin/../lib/gcc/arm-none-eabi/14.3.1/../../../../arm-none-eabi/lib/thumb/v7e-m+fp/hard\libg_nano.a(libc_a-fwalk.o)
 .ARM.attributes
                0x000004cb       0x34 C:/Users/kimur_6ppyla1/AppData/Local/stm32cube/bundles/gnu-tools-for-stm32/14.3.1+st.2/bin/../lib/gcc/arm-none-eabi/14.3.1/../../../../arm-none-eabi/lib/thumb/v7e-m+fp/hard\libg_nano.a(libc_a-puts.o)
 .ARM.attributes
                0x000004ff       0x34 C:/Users/kimur_6ppyla1/AppData/Local/stm32cube/bundles/gnu-tools-for-stm32/14.3.1+st.2/bin/../lib/gcc/arm-none-eabi/14.3.1/../../../../arm-none-eabi/lib/thumb/v7e-m+fp/hard\libg_nano.a(libc_a-stdio.o)
 .ARM.attributes
                0x00000533       0x34 C:/Users/kimur_6ppyla1/AppData/Local/stm32cube/bundles/gnu-tools-for-stm32/14.3.1+st.2/bin/../lib/gcc/arm-none-eabi/14.3.1/../../../../arm-none-eabi/lib/thumb/v7e-m+fp/hard\libg_nano.a(libc_a-wbuf.o)
 .ARM.attributes
                0x00000567       0x34 C:/Users/kimur_6ppyla1/AppData/Local/stm32cube/bundles/gnu-tools-for-stm32/14.3.1+st.2/bin/../lib/gcc/arm-none-eabi/14.3.1/../../../../arm-none-eabi/lib/thumb/v7e-m+fp/hard\libg_nano.a(libc_a-wsetup.o)
 .ARM.attributes
                0x0000059b       0x34 C:/Users/kimur_6ppyla1/AppData/Local/stm32cube/bundles/gnu-tools-for-stm32/14.3.1+st.2/bin/../lib/gcc/arm-none-eabi/14.3.1/../../../../arm-none-eabi/lib/thumb/v7e-m+fp/hard\libg_nano.a(libc_a-memset.o)
 .ARM.attributes
                0x000005cf       0x34 C:/Users/kimur_6ppyla1/AppData/Local/stm32cube/bundles/gnu-tools-for-stm32/14.3.1+st.2/bin/../lib/gcc/arm-none-eabi/14.3.1/../../../../arm-none-eabi/lib/thumb/v7e-m+fp/hard\libg_nano.a(libc_a-closer.o)
 .ARM.attributes
                0x00000603       0x34 C:/Users/kimur_6ppyla1/AppData/Local/stm32cube/bundles/gnu-tools-for-stm32/14.3.1+st.2/bin/../lib/gcc/arm-none-eabi/14.3.1/../../../../arm-none-eabi/lib/thumb/v7e-m+fp/hard\libg_nano.a(libc_a-reent.o)
 .ARM.attributes
                0x00000637       0x34 C:/Users/kimur_6ppyla1/AppData/Local/stm32cube/bundles/gnu-tools-for-stm32/14.3.1+st.2/bin/../lib/gcc/arm-none-eabi/14.3.1/../../../../arm-none-eabi/lib/thumb/v7e-m+fp/hard\libg_nano.a(libc_a-impure.o)
 .ARM.attributes
                0x0000066b       0x34 C:/Users/kimur_6ppyla1/AppData/Local/stm32cube/bundles/gnu-tools-for-stm32/14.3.1+st.2/bin/../lib/gcc/arm-none-eabi/14.3.1/../../../../arm-none-eabi/lib/thumb/v7e-m+fp/hard\libg_nano.a(libc_a-lseekr.o)
 .ARM.attributes
                0x0000069f       0x34 C:/Users/kimur_6ppyla1/AppData/Local/stm32cube/bundles/gnu-tools-for-stm32/14.3.1+st.2/bin/../lib/gcc/arm-none-eabi/14.3.1/../../../../arm-none-eabi/lib/thumb/v7e-m+fp/hard\libg_nano.a(libc_a-readr.o)
 .ARM.attributes
                0x000006d3       0x34 C:/Users/kimur_6ppyla1/AppData/Local/stm32cube/bundles/gnu-tools-for-stm32/14.3.1+st.2/bin/../lib/gcc/arm-none-eabi/14.3.1/../../../../arm-none-eabi/lib/thumb/v7e-m+fp/hard\libg_nano.a(libc_a-writer.o)
 .ARM.attributes
                0x00000707       0x34 C:/Users/kimur_6ppyla1/AppData/Local/stm32cube/bundles/gnu-tools-for-stm32/14.3.1+st.2/bin/../lib/gcc/arm-none-eabi/14.3.1/../../../../arm-none-eabi/lib/thumb/v7e-m+fp/hard\libg_nano.a(libc_a-errno.o)
 .ARM.attributes
                0x0000073b       0x34 C:/Users/kimur_6ppyla1/AppData/Local/stm32cube/bundles/gnu-tools-for-stm32/14.3.1+st.2/bin/../lib/gcc/arm-none-eabi/14.3.1/../../../../arm-none-eabi/lib/thumb/v7e-m+fp/hard\libg_nano.a(libc_a-init.o)
 .ARM.attributes
                0x0000076f       0x34 C:/Users/kimur_6ppyla1/AppData/Local/stm32cube/bundles/gnu-tools-for-stm32/14.3.1+st.2/bin/../lib/gcc/arm-none-eabi/14.3.1/../../../../arm-none-eabi/lib/thumb/v7e-m+fp/hard\libg_nano.a(libc_a-lock.o)
 .ARM.attributes
                0x000007a3       0x34 C:/Users/kimur_6ppyla1/AppData/Local/stm32cube/bundles/gnu-tools-for-stm32/14.3.1+st.2/bin/../lib/gcc/arm-none-eabi/14.3.1/../../../../arm-none-eabi/lib/thumb/v7e-m+fp/hard\libg_nano.a(libc_a-freer.o)
 .ARM.attributes
                0x000007d7       0x34 C:/Users/kimur_6ppyla1/AppData/Local/stm32cube/bundles/gnu-tools-for-stm32/14.3.1+st.2/bin/../lib/gcc/arm-none-eabi/14.3.1/../../../../arm-none-eabi/lib/thumb/v7e-m+fp/hard\libg_nano.a(libc_a-mallocr.o)
 .ARM.attributes
                0x0000080b       0x34 C:/Users/kimur_6ppyla1/AppData/Local/stm32cube/bundles/gnu-tools-for-stm32/14.3.1+st.2/bin/../lib/gcc/arm-none-eabi/14.3.1/../../../../arm-none-eabi/lib/thumb/v7e-m+fp/hard\libg_nano.a(libc_a-mlock.o)
 .ARM.attributes
                0x0000083f       0x34 C:/Users/kimur_6ppyla1/AppData/Local/stm32cube/bundles/gnu-tools-for-stm32/14.3.1+st.2/bin/../lib/gcc/arm-none-eabi/14.3.1/../../../../arm-none-eabi/lib/thumb/v7e-m+fp/hard\libg_nano.a(libc_a-fflush.o)
 .ARM.attributes
                0x00000873       0x34 C:/Users/kimur_6ppyla1/AppData/Local/stm32cube/bundles/gnu-tools-for-stm32/14.3.1+st.2/bin/../lib/gcc/arm-none-eabi/14.3.1/../../../../arm-none-eabi/lib/thumb/v7e-m+fp/hard\libg_nano.a(libc_a-makebuf.o)
 .ARM.attributes
                0x000008a7       0x34 C:/Users/kimur_6ppyla1/AppData/Local/stm32cube/bundles/gnu-tools-for-stm32/14.3.1+st.2/bin/../lib/gcc/arm-none-eabi/14.3.1/../../../../arm-none-eabi/lib/thumb/v7e-m+fp/hard\libg_nano.a(libc_a-fstatr.o)
 .ARM.attributes
                0x000008db       0x34 C:/Users/kimur_6ppyla1/AppData/Local/stm32cube/bundles/gnu-tools-for-stm32/14.3.1+st.2/bin/../lib/gcc/arm-none-eabi/14.3.1/../../../../arm-none-eabi/lib/thumb/v7e-m+fp/hard\libg_nano.a(libc_a-isattyr.o)
 .ARM.attributes
                0x0000090f       0x34 C:/Users/kimur_6ppyla1/AppData/Local/stm32cube/bundles/gnu-tools-for-stm32/14.3.1+st.2/bin/../lib/gcc/arm-none-eabi/14.3.1/../../../../arm-none-eabi/lib/thumb/v7e-m+fp/hard\libg_nano.a(libc_a-sbrkr.o)
 .ARM.attributes
                0x00000943       0x22 C:/Users/kimur_6ppyla1/AppData/Local/stm32cube/bundles/gnu-tools-for-stm32/14.3.1+st.2/bin/../lib/gcc/arm-none-eabi/14.3.1/thumb/v7e-m+fp/hard/crtn.o

.comment        0x00000000       0x43
 .comment       0x00000000       0x43 cmake/stm32cubemx/CMakeFiles/STM32_Drivers.dir/__/__/Core/Src/system_stm32g4xx.c.obj
                                 0x44 (size before relaxing)
 .comment       0x00000043       0x44 cmake/stm32cubemx/CMakeFiles/STM32_Drivers.dir/__/__/Drivers/STM32G4xx_HAL_Driver/Src/stm32g4xx_hal_fdcan.c.obj
 .comment       0x00000043       0x44 cmake/stm32cubemx/CMakeFiles/STM32_Drivers.dir/__/__/Drivers/STM32G4xx_HAL_Driver/Src/stm32g4xx_hal.c.obj
 .comment       0x00000043       0x44 cmake/stm32cubemx/CMakeFiles/STM32_Drivers.dir/__/__/Drivers/STM32G4xx_HAL_Driver/Src/stm32g4xx_hal_rcc.c.obj
 .comment       0x00000043       0x44 cmake/stm32cubemx/CMakeFiles/STM32_Drivers.dir/__/__/Drivers/STM32G4xx_HAL_Driver/Src/stm32g4xx_hal_rcc_ex.c.obj
 .comment       0x00000043       0x44 cmake/stm32cubemx/CMakeFiles/STM32_Drivers.dir/__/__/Drivers/STM32G4xx_HAL_Driver/Src/stm32g4xx_hal_gpio.c.obj
 .comment       0x00000043       0x44 cmake/stm32cubemx/CMakeFiles/STM32_Drivers.dir/__/__/Drivers/STM32G4xx_HAL_Driver/Src/stm32g4xx_hal_pwr_ex.c.obj
 .comment       0x00000043       0x44 cmake/stm32cubemx/CMakeFiles/STM32_Drivers.dir/__/__/Drivers/STM32G4xx_HAL_Driver/Src/stm32g4xx_hal_cortex.c.obj
 .comment       0x00000043       0x44 cmake/stm32cubemx/CMakeFiles/STM32_Drivers.dir/__/__/Drivers/STM32G4xx_HAL_Driver/Src/stm32g4xx_hal_tim.c.obj
 .comment       0x00000043       0x44 cmake/stm32cubemx/CMakeFiles/STM32_Drivers.dir/__/__/Drivers/STM32G4xx_HAL_Driver/Src/stm32g4xx_hal_tim_ex.c.obj
 .comment       0x00000043       0x44 cmake/stm32cubemx/CMakeFiles/STM32_Drivers.dir/__/__/Drivers/STM32G4xx_HAL_Driver/Src/stm32g4xx_hal_uart.c.obj
 .comment       0x00000043       0x44 cmake/stm32cubemx/CMakeFiles/STM32_Drivers.dir/__/__/Drivers/STM32G4xx_HAL_Driver/Src/stm32g4xx_hal_uart_ex.c.obj
 .comment       0x00000043       0x44 CMakeFiles/f3rc2026_practice.dir/Core/Src/main.c.obj
 .comment       0x00000043       0x44 CMakeFiles/f3rc2026_practice.dir/Core/Src/stm32g4xx_it.c.obj
 .comment       0x00000043       0x44 CMakeFiles/f3rc2026_practice.dir/Core/Src/stm32g4xx_hal_msp.c.obj
 .comment       0x00000043       0x44 CMakeFiles/f3rc2026_practice.dir/Core/Src/sysmem.c.obj
 .comment       0x00000043       0x44 CMakeFiles/f3rc2026_practice.dir/Core/Src/syscalls.c.obj
 .comment       0x00000043       0x44 C:/Users/kimur_6ppyla1/AppData/Local/stm32cube/bundles/gnu-tools-for-stm32/14.3.1+st.2/bin/../lib/gcc/arm-none-eabi/14.3.1/../../../../arm-none-eabi/lib/thumb/v7e-m+fp/hard\libg_nano.a(libc_a-findfp.o)
 .comment       0x00000043       0x44 C:/Users/kimur_6ppyla1/AppData/Local/stm32cube/bundles/gnu-tools-for-stm32/14.3.1+st.2/bin/../lib/gcc/arm-none-eabi/14.3.1/../../../../arm-none-eabi/lib/thumb/v7e-m+fp/hard\libg_nano.a(libc_a-fwalk.o)
 .comment       0x00000043       0x44 C:/Users/kimur_6ppyla1/AppData/Local/stm32cube/bundles/gnu-tools-for-stm32/14.3.1+st.2/bin/../lib/gcc/arm-none-eabi/14.3.1/../../../../arm-none-eabi/lib/thumb/v7e-m+fp/hard\libg_nano.a(libc_a-puts.o)
 .comment       0x00000043       0x44 C:/Users/kimur_6ppyla1/AppData/Local/stm32cube/bundles/gnu-tools-for-stm32/14.3.1+st.2/bin/../lib/gcc/arm-none-eabi/14.3.1/../../../../arm-none-eabi/lib/thumb/v7e-m+fp/hard\libg_nano.a(libc_a-stdio.o)
 .comment       0x00000043       0x44 C:/Users/kimur_6ppyla1/AppData/Local/stm32cube/bundles/gnu-tools-for-stm32/14.3.1+st.2/bin/../lib/gcc/arm-none-eabi/14.3.1/../../../../arm-none-eabi/lib/thumb/v7e-m+fp/hard\libg_nano.a(libc_a-wbuf.o)
 .comment       0x00000043       0x44 C:/Users/kimur_6ppyla1/AppData/Local/stm32cube/bundles/gnu-tools-for-stm32/14.3.1+st.2/bin/../lib/gcc/arm-none-eabi/14.3.1/../../../../arm-none-eabi/lib/thumb/v7e-m+fp/hard\libg_nano.a(libc_a-wsetup.o)
 .comment       0x00000043       0x44 C:/Users/kimur_6ppyla1/AppData/Local/stm32cube/bundles/gnu-tools-for-stm32/14.3.1+st.2/bin/../lib/gcc/arm-none-eabi/14.3.1/../../../../arm-none-eabi/lib/thumb/v7e-m+fp/hard\libg_nano.a(libc_a-memset.o)
 .comment       0x00000043       0x44 C:/Users/kimur_6ppyla1/AppData/Local/stm32cube/bundles/gnu-tools-for-stm32/14.3.1+st.2/bin/../lib/gcc/arm-none-eabi/14.3.1/../../../../arm-none-eabi/lib/thumb/v7e-m+fp/hard\libg_nano.a(libc_a-closer.o)
 .comment       0x00000043       0x44 C:/Users/kimur_6ppyla1/AppData/Local/stm32cube/bundles/gnu-tools-for-stm32/14.3.1+st.2/bin/../lib/gcc/arm-none-eabi/14.3.1/../../../../arm-none-eabi/lib/thumb/v7e-m+fp/hard\libg_nano.a(libc_a-reent.o)
 .comment       0x00000043       0x44 C:/Users/kimur_6ppyla1/AppData/Local/stm32cube/bundles/gnu-tools-for-stm32/14.3.1+st.2/bin/../lib/gcc/arm-none-eabi/14.3.1/../../../../arm-none-eabi/lib/thumb/v7e-m+fp/hard\libg_nano.a(libc_a-impure.o)
 .comment       0x00000043       0x44 C:/Users/kimur_6ppyla1/AppData/Local/stm32cube/bundles/gnu-tools-for-stm32/14.3.1+st.2/bin/../lib/gcc/arm-none-eabi/14.3.1/../../../../arm-none-eabi/lib/thumb/v7e-m+fp/hard\libg_nano.a(libc_a-lseekr.o)
 .comment       0x00000043       0x44 C:/Users/kimur_6ppyla1/AppData/Local/stm32cube/bundles/gnu-tools-for-stm32/14.3.1+st.2/bin/../lib/gcc/arm-none-eabi/14.3.1/../../../../arm-none-eabi/lib/thumb/v7e-m+fp/hard\libg_nano.a(libc_a-readr.o)
 .comment       0x00000043       0x44 C:/Users/kimur_6ppyla1/AppData/Local/stm32cube/bundles/gnu-tools-for-stm32/14.3.1+st.2/bin/../lib/gcc/arm-none-eabi/14.3.1/../../../../arm-none-eabi/lib/thumb/v7e-m+fp/hard\libg_nano.a(libc_a-writer.o)
 .comment       0x00000043       0x44 C:/Users/kimur_6ppyla1/AppData/Local/stm32cube/bundles/gnu-tools-for-stm32/14.3.1+st.2/bin/../lib/gcc/arm-none-eabi/14.3.1/../../../../arm-none-eabi/lib/thumb/v7e-m+fp/hard\libg_nano.a(libc_a-errno.o)
 .comment       0x00000043       0x44 C:/Users/kimur_6ppyla1/AppData/Local/stm32cube/bundles/gnu-tools-for-stm32/14.3.1+st.2/bin/../lib/gcc/arm-none-eabi/14.3.1/../../../../arm-none-eabi/lib/thumb/v7e-m+fp/hard\libg_nano.a(libc_a-init.o)
 .comment       0x00000043       0x44 C:/Users/kimur_6ppyla1/AppData/Local/stm32cube/bundles/gnu-tools-for-stm32/14.3.1+st.2/bin/../lib/gcc/arm-none-eabi/14.3.1/../../../../arm-none-eabi/lib/thumb/v7e-m+fp/hard\libg_nano.a(libc_a-lock.o)
 .comment       0x00000043       0x44 C:/Users/kimur_6ppyla1/AppData/Local/stm32cube/bundles/gnu-tools-for-stm32/14.3.1+st.2/bin/../lib/gcc/arm-none-eabi/14.3.1/../../../../arm-none-eabi/lib/thumb/v7e-m+fp/hard\libg_nano.a(libc_a-freer.o)
 .comment       0x00000043       0x44 C:/Users/kimur_6ppyla1/AppData/Local/stm32cube/bundles/gnu-tools-for-stm32/14.3.1+st.2/bin/../lib/gcc/arm-none-eabi/14.3.1/../../../../arm-none-eabi/lib/thumb/v7e-m+fp/hard\libg_nano.a(libc_a-mallocr.o)
 .comment       0x00000043       0x44 C:/Users/kimur_6ppyla1/AppData/Local/stm32cube/bundles/gnu-tools-for-stm32/14.3.1+st.2/bin/../lib/gcc/arm-none-eabi/14.3.1/../../../../arm-none-eabi/lib/thumb/v7e-m+fp/hard\libg_nano.a(libc_a-mlock.o)
 .comment       0x00000043       0x44 C:/Users/kimur_6ppyla1/AppData/Local/stm32cube/bundles/gnu-tools-for-stm32/14.3.1+st.2/bin/../lib/gcc/arm-none-eabi/14.3.1/../../../../arm-none-eabi/lib/thumb/v7e-m+fp/hard\libg_nano.a(libc_a-fflush.o)
 .comment       0x00000043       0x44 C:/Users/kimur_6ppyla1/AppData/Local/stm32cube/bundles/gnu-tools-for-stm32/14.3.1+st.2/bin/../lib/gcc/arm-none-eabi/14.3.1/../../../../arm-none-eabi/lib/thumb/v7e-m+fp/hard\libg_nano.a(libc_a-makebuf.o)
 .comment       0x00000043       0x44 C:/Users/kimur_6ppyla1/AppData/Local/stm32cube/bundles/gnu-tools-for-stm32/14.3.1+st.2/bin/../lib/gcc/arm-none-eabi/14.3.1/../../../../arm-none-eabi/lib/thumb/v7e-m+fp/hard\libg_nano.a(libc_a-fstatr.o)
 .comment       0x00000043       0x44 C:/Users/kimur_6ppyla1/AppData/Local/stm32cube/bundles/gnu-tools-for-stm32/14.3.1+st.2/bin/../lib/gcc/arm-none-eabi/14.3.1/../../../../arm-none-eabi/lib/thumb/v7e-m+fp/hard\libg_nano.a(libc_a-isattyr.o)
 .comment       0x00000043       0x44 C:/Users/kimur_6ppyla1/AppData/Local/stm32cube/bundles/gnu-tools-for-stm32/14.3.1+st.2/bin/../lib/gcc/arm-none-eabi/14.3.1/../../../../arm-none-eabi/lib/thumb/v7e-m+fp/hard\libg_nano.a(libc_a-sbrkr.o)

.debug_info     0x00000000    0x20d83
 .debug_info    0x00000000      0x58e cmake/stm32cubemx/CMakeFiles/STM32_Drivers.dir/__/__/Core/Src/system_stm32g4xx.c.obj
 .debug_info    0x0000058e     0x18ba cmake/stm32cubemx/CMakeFiles/STM32_Drivers.dir/__/__/Drivers/STM32G4xx_HAL_Driver/Src/stm32g4xx_hal_fdcan.c.obj
 .debug_info    0x00001e48      0xb95 cmake/stm32cubemx/CMakeFiles/STM32_Drivers.dir/__/__/Drivers/STM32G4xx_HAL_Driver/Src/stm32g4xx_hal.c.obj
 .debug_info    0x000029dd      0xbf9 cmake/stm32cubemx/CMakeFiles/STM32_Drivers.dir/__/__/Drivers/STM32G4xx_HAL_Driver/Src/stm32g4xx_hal_rcc.c.obj
 .debug_info    0x000035d6      0xc5d cmake/stm32cubemx/CMakeFiles/STM32_Drivers.dir/__/__/Drivers/STM32G4xx_HAL_Driver/Src/stm32g4xx_hal_rcc_ex.c.obj
 .debug_info    0x00004233      0x772 cmake/stm32cubemx/CMakeFiles/STM32_Drivers.dir/__/__/Drivers/STM32G4xx_HAL_Driver/Src/stm32g4xx_hal_gpio.c.obj
 .debug_info    0x000049a5      0x944 cmake/stm32cubemx/CMakeFiles/STM32_Drivers.dir/__/__/Drivers/STM32G4xx_HAL_Driver/Src/stm32g4xx_hal_pwr_ex.c.obj
 .debug_info    0x000052e9      0xdf9 cmake/stm32cubemx/CMakeFiles/STM32_Drivers.dir/__/__/Drivers/STM32G4xx_HAL_Driver/Src/stm32g4xx_hal_cortex.c.obj
 .debug_info    0x000060e2     0x2c52 cmake/stm32cubemx/CMakeFiles/STM32_Drivers.dir/__/__/Drivers/STM32G4xx_HAL_Driver/Src/stm32g4xx_hal_tim.c.obj
 .debug_info    0x00008d34     0x1d95 cmake/stm32cubemx/CMakeFiles/STM32_Drivers.dir/__/__/Drivers/STM32G4xx_HAL_Driver/Src/stm32g4xx_hal_tim_ex.c.obj
 .debug_info    0x0000aac9     0x4854 cmake/stm32cubemx/CMakeFiles/STM32_Drivers.dir/__/__/Drivers/STM32G4xx_HAL_Driver/Src/stm32g4xx_hal_uart.c.obj
 .debug_info    0x0000f31d      0xfdc cmake/stm32cubemx/CMakeFiles/STM32_Drivers.dir/__/__/Drivers/STM32G4xx_HAL_Driver/Src/stm32g4xx_hal_uart_ex.c.obj
 .debug_info    0x000102f9     0x1f22 CMakeFiles/f3rc2026_practice.dir/Core/Src/main.c.obj
 .debug_info    0x0001221b      0xd67 CMakeFiles/f3rc2026_practice.dir/Core/Src/stm32g4xx_it.c.obj
 .debug_info    0x00012f82     0x1a00 CMakeFiles/f3rc2026_practice.dir/Core/Src/stm32g4xx_hal_msp.c.obj
 .debug_info    0x00014982      0x168 CMakeFiles/f3rc2026_practice.dir/Core/Src/sysmem.c.obj
 .debug_info    0x00014aea      0x6b4 CMakeFiles/f3rc2026_practice.dir/Core/Src/syscalls.c.obj
 .debug_info    0x0001519e       0x30 CMakeFiles/f3rc2026_practice.dir/startup_stm32g474xx.s.obj
 .debug_info    0x000151ce      0xfb8 C:/Users/kimur_6ppyla1/AppData/Local/stm32cube/bundles/gnu-tools-for-stm32/14.3.1+st.2/bin/../lib/gcc/arm-none-eabi/14.3.1/../../../../arm-none-eabi/lib/thumb/v7e-m+fp/hard\libg_nano.a(libc_a-findfp.o)
 .debug_info    0x00016186      0x7d2 C:/Users/kimur_6ppyla1/AppData/Local/stm32cube/bundles/gnu-tools-for-stm32/14.3.1+st.2/bin/../lib/gcc/arm-none-eabi/14.3.1/../../../../arm-none-eabi/lib/thumb/v7e-m+fp/hard\libg_nano.a(libc_a-fwalk.o)
 .debug_info    0x00016958      0x950 C:/Users/kimur_6ppyla1/AppData/Local/stm32cube/bundles/gnu-tools-for-stm32/14.3.1+st.2/bin/../lib/gcc/arm-none-eabi/14.3.1/../../../../arm-none-eabi/lib/thumb/v7e-m+fp/hard\libg_nano.a(libc_a-puts.o)
 .debug_info    0x000172a8      0xa90 C:/Users/kimur_6ppyla1/AppData/Local/stm32cube/bundles/gnu-tools-for-stm32/14.3.1+st.2/bin/../lib/gcc/arm-none-eabi/14.3.1/../../../../arm-none-eabi/lib/thumb/v7e-m+fp/hard\libg_nano.a(libc_a-stdio.o)
 .debug_info    0x00017d38      0x874 C:/Users/kimur_6ppyla1/AppData/Local/stm32cube/bundles/gnu-tools-for-stm32/14.3.1+st.2/bin/../lib/gcc/arm-none-eabi/14.3.1/../../../../arm-none-eabi/lib/thumb/v7e-m+fp/hard\libg_nano.a(libc_a-wbuf.o)
 .debug_info    0x000185ac      0x7bb C:/Users/kimur_6ppyla1/AppData/Local/stm32cube/bundles/gnu-tools-for-stm32/14.3.1+st.2/bin/../lib/gcc/arm-none-eabi/14.3.1/../../../../arm-none-eabi/lib/thumb/v7e-m+fp/hard\libg_nano.a(libc_a-wsetup.o)
 .debug_info    0x00018d67       0xe0 C:/Users/kimur_6ppyla1/AppData/Local/stm32cube/bundles/gnu-tools-for-stm32/14.3.1+st.2/bin/../lib/gcc/arm-none-eabi/14.3.1/../../../../arm-none-eabi/lib/thumb/v7e-m+fp/hard\libg_nano.a(libc_a-memset.o)
 .debug_info    0x00018e47      0x75d C:/Users/kimur_6ppyla1/AppData/Local/stm32cube/bundles/gnu-tools-for-stm32/14.3.1+st.2/bin/../lib/gcc/arm-none-eabi/14.3.1/../../../../arm-none-eabi/lib/thumb/v7e-m+fp/hard\libg_nano.a(libc_a-closer.o)
 .debug_info    0x000195a4      0x8a1 C:/Users/kimur_6ppyla1/AppData/Local/stm32cube/bundles/gnu-tools-for-stm32/14.3.1+st.2/bin/../lib/gcc/arm-none-eabi/14.3.1/../../../../arm-none-eabi/lib/thumb/v7e-m+fp/hard\libg_nano.a(libc_a-reent.o)
 .debug_info    0x00019e45      0x715 C:/Users/kimur_6ppyla1/AppData/Local/stm32cube/bundles/gnu-tools-for-stm32/14.3.1+st.2/bin/../lib/gcc/arm-none-eabi/14.3.1/../../../../arm-none-eabi/lib/thumb/v7e-m+fp/hard\libg_nano.a(libc_a-impure.o)
 .debug_info    0x0001a55a      0x7a8 C:/Users/kimur_6ppyla1/AppData/Local/stm32cube/bundles/gnu-tools-for-stm32/14.3.1+st.2/bin/../lib/gcc/arm-none-eabi/14.3.1/../../../../arm-none-eabi/lib/thumb/v7e-m+fp/hard\libg_nano.a(libc_a-lseekr.o)
 .debug_info    0x0001ad02      0x7bf C:/Users/kimur_6ppyla1/AppData/Local/stm32cube/bundles/gnu-tools-for-stm32/14.3.1+st.2/bin/../lib/gcc/arm-none-eabi/14.3.1/../../../../arm-none-eabi/lib/thumb/v7e-m+fp/hard\libg_nano.a(libc_a-readr.o)
 .debug_info    0x0001b4c1      0x7c5 C:/Users/kimur_6ppyla1/AppData/Local/stm32cube/bundles/gnu-tools-for-stm32/14.3.1+st.2/bin/../lib/gcc/arm-none-eabi/14.3.1/../../../../arm-none-eabi/lib/thumb/v7e-m+fp/hard\libg_nano.a(libc_a-writer.o)
 .debug_info    0x0001bc86      0x6fb C:/Users/kimur_6ppyla1/AppData/Local/stm32cube/bundles/gnu-tools-for-stm32/14.3.1+st.2/bin/../lib/gcc/arm-none-eabi/14.3.1/../../../../arm-none-eabi/lib/thumb/v7e-m+fp/hard\libg_nano.a(libc_a-errno.o)
 .debug_info    0x0001c381      0x10b C:/Users/kimur_6ppyla1/AppData/Local/stm32cube/bundles/gnu-tools-for-stm32/14.3.1+st.2/bin/../lib/gcc/arm-none-eabi/14.3.1/../../../../arm-none-eabi/lib/thumb/v7e-m+fp/hard\libg_nano.a(libc_a-init.o)
 .debug_info    0x0001c48c      0x218 C:/Users/kimur_6ppyla1/AppData/Local/stm32cube/bundles/gnu-tools-for-stm32/14.3.1+st.2/bin/../lib/gcc/arm-none-eabi/14.3.1/../../../../arm-none-eabi/lib/thumb/v7e-m+fp/hard\libg_nano.a(libc_a-lock.o)
 .debug_info    0x0001c6a4      0x851 C:/Users/kimur_6ppyla1/AppData/Local/stm32cube/bundles/gnu-tools-for-stm32/14.3.1+st.2/bin/../lib/gcc/arm-none-eabi/14.3.1/../../../../arm-none-eabi/lib/thumb/v7e-m+fp/hard\libg_nano.a(libc_a-freer.o)
 .debug_info    0x0001cef5      0x9bc C:/Users/kimur_6ppyla1/AppData/Local/stm32cube/bundles/gnu-tools-for-stm32/14.3.1+st.2/bin/../lib/gcc/arm-none-eabi/14.3.1/../../../../arm-none-eabi/lib/thumb/v7e-m+fp/hard\libg_nano.a(libc_a-mallocr.o)
 .debug_info    0x0001d8b1      0x76b C:/Users/kimur_6ppyla1/AppData/Local/stm32cube/bundles/gnu-tools-for-stm32/14.3.1+st.2/bin/../lib/gcc/arm-none-eabi/14.3.1/../../../../arm-none-eabi/lib/thumb/v7e-m+fp/hard\libg_nano.a(libc_a-mlock.o)
 .debug_info    0x0001e01c      0x9f2 C:/Users/kimur_6ppyla1/AppData/Local/stm32cube/bundles/gnu-tools-for-stm32/14.3.1+st.2/bin/../lib/gcc/arm-none-eabi/14.3.1/../../../../arm-none-eabi/lib/thumb/v7e-m+fp/hard\libg_nano.a(libc_a-fflush.o)
 .debug_info    0x0001ea0e      0xb15 C:/Users/kimur_6ppyla1/AppData/Local/stm32cube/bundles/gnu-tools-for-stm32/14.3.1+st.2/bin/../lib/gcc/arm-none-eabi/14.3.1/../../../../arm-none-eabi/lib/thumb/v7e-m+fp/hard\libg_nano.a(libc_a-makebuf.o)
 .debug_info    0x0001f523      0x981 C:/Users/kimur_6ppyla1/AppData/Local/stm32cube/bundles/gnu-tools-for-stm32/14.3.1+st.2/bin/../lib/gcc/arm-none-eabi/14.3.1/../../../../arm-none-eabi/lib/thumb/v7e-m+fp/hard\libg_nano.a(libc_a-fstatr.o)
 .debug_info    0x0001fea4      0x75d C:/Users/kimur_6ppyla1/AppData/Local/stm32cube/bundles/gnu-tools-for-stm32/14.3.1+st.2/bin/../lib/gcc/arm-none-eabi/14.3.1/../../../../arm-none-eabi/lib/thumb/v7e-m+fp/hard\libg_nano.a(libc_a-isattyr.o)
 .debug_info    0x00020601      0x782 C:/Users/kimur_6ppyla1/AppData/Local/stm32cube/bundles/gnu-tools-for-stm32/14.3.1+st.2/bin/../lib/gcc/arm-none-eabi/14.3.1/../../../../arm-none-eabi/lib/thumb/v7e-m+fp/hard\libg_nano.a(libc_a-sbrkr.o)

.debug_abbrev   0x00000000     0x5466
 .debug_abbrev  0x00000000      0x11a cmake/stm32cubemx/CMakeFiles/STM32_Drivers.dir/__/__/Core/Src/system_stm32g4xx.c.obj
 .debug_abbrev  0x0000011a      0x1e7 cmake/stm32cubemx/CMakeFiles/STM32_Drivers.dir/__/__/Drivers/STM32G4xx_HAL_Driver/Src/stm32g4xx_hal_fdcan.c.obj
 .debug_abbrev  0x00000301      0x271 cmake/stm32cubemx/CMakeFiles/STM32_Drivers.dir/__/__/Drivers/STM32G4xx_HAL_Driver/Src/stm32g4xx_hal.c.obj